/hpcfs/users/a1906566/anaconda3/envs/llama/lib/python3.10/site-packages/huggingface_hub/file_download.py:1132: FutureWarning: `resume_download` is deprecated and will be removed in version 1.0.0. Downloads always resume when possible. If you want to force a new download, use `force_download=True`.
  warnings.warn(
Finetuning model with params:
base_model: meta-llama/Llama-2-7b-hf
data_path: commonsense_170k.json
output_dir: ./finetuned_result/sine_lora_qv_r16_1k_64
batch_size: 16
micro_batch_size: 8
num_epochs: 1
learning_rate: 0.0001
cutoff_len: 256
val_set_size: 120
use_gradient_checkpointing: True
lora_r: 16
lora_alpha: 32
lora_dropout: 0.05
lora_target_modules: None
scale_of_sine: 64
frequency of sine: 1000
if_use_sine: True
Wdecompose_target_modules: None
dora_simple: Truebottleneck_size: 256
non_linearity: tanh
adapter_dropout: 0.0
use_parallel_adapter: False
use_adapterp: False
train_on_inputs: True
scaling: 1.0
adapter_name: lora
target_modules: ['q_proj', 'v_proj']
group_by_length: False
wandb_project: 
wandb_run_name: 
wandb_watch: 
wandb_log_model: 
resume_from_checkpoint: None

Loading checkpoint shards:   0%|          | 0/2 [00:00<?, ?it/s]Loading checkpoint shards:  50%|█████     | 1/2 [00:20<00:20, 20.36s/it]Loading checkpoint shards: 100%|██████████| 2/2 [00:25<00:00, 11.54s/it]Loading checkpoint shards: 100%|██████████| 2/2 [00:25<00:00, 12.86s/it]
LlamaForCausalLM(
  (model): LlamaModel(
    (embed_tokens): Embedding(32000, 4096)
    (layers): ModuleList(
      (0-31): 32 x LlamaDecoderLayer(
        (self_attn): LlamaSdpaAttention(
          (q_proj): Linear(in_features=4096, out_features=4096, bias=False)
          (k_proj): Linear(in_features=4096, out_features=4096, bias=False)
          (v_proj): Linear(in_features=4096, out_features=4096, bias=False)
          (o_proj): Linear(in_features=4096, out_features=4096, bias=False)
          (rotary_emb): LlamaRotaryEmbedding()
        )
        (mlp): LlamaMLP(
          (gate_proj): Linear(in_features=4096, out_features=11008, bias=False)
          (up_proj): Linear(in_features=4096, out_features=11008, bias=False)
          (down_proj): Linear(in_features=11008, out_features=4096, bias=False)
          (act_fn): SiLU()
        )
        (input_layernorm): LlamaRMSNorm()
        (post_attention_layernorm): LlamaRMSNorm()
      )
    )
    (norm): LlamaRMSNorm()
  )
  (lm_head): CastOutputToFloat(
    (0): Linear(in_features=4096, out_features=32000, bias=False)
  )
)
trainable params: 8388608 || all params: 6746804224 || trainable%: 0.12433454005023165
Map:   0%|          | 0/170300 [00:00<?, ? examples/s]Map:   0%|          | 3/170300 [00:00<2:12:11, 21.47 examples/s]Map:   0%|          | 7/170300 [00:00<1:45:02, 27.02 examples/s]Map:   0%|          | 10/170300 [00:00<1:44:37, 27.13 examples/s]Map:   0%|          | 20/170300 [00:00<55:12, 51.40 examples/s]  Map:   0%|          | 36/170300 [00:00<33:32, 84.59 examples/s]Map:   0%|          | 49/170300 [00:00<31:03, 91.34 examples/s]Map:   0%|          | 62/170300 [00:00<28:21, 100.06 examples/s]Map:   0%|          | 80/170300 [00:00<27:43, 102.33 examples/s]Map:   0%|          | 100/170300 [00:01<23:13, 122.13 examples/s]Map:   0%|          | 118/170300 [00:01<20:58, 135.21 examples/s]Map:   0%|          | 144/170300 [00:01<17:19, 163.75 examples/s]Map:   0%|          | 169/170300 [00:01<18:02, 157.17 examples/s]Map:   0%|          | 196/170300 [00:01<16:10, 175.32 examples/s]Map:   0%|          | 219/170300 [00:01<15:03, 188.25 examples/s]Map:   0%|          | 251/170300 [00:01<12:54, 219.48 examples/s]Map:   0%|          | 282/170300 [00:01<11:59, 236.32 examples/s]Map:   0%|          | 311/170300 [00:02<11:22, 248.95 examples/s]Map:   0%|          | 349/170300 [00:02<10:08, 279.29 examples/s]Map:   0%|          | 384/170300 [00:02<09:34, 296.01 examples/s]Map:   0%|          | 419/170300 [00:02<09:07, 310.30 examples/s]Map:   0%|          | 455/170300 [00:02<08:45, 322.96 examples/s]Map:   0%|          | 520/170300 [00:02<09:32, 296.56 examples/s]Map:   0%|          | 575/170300 [00:02<08:02, 351.77 examples/s]Map:   0%|          | 641/170300 [00:02<06:51, 411.92 examples/s]Map:   0%|          | 696/170300 [00:03<06:22, 443.78 examples/s]Map:   0%|          | 744/170300 [00:03<06:16, 450.49 examples/s]Map:   0%|          | 803/170300 [00:03<05:48, 486.26 examples/s]Map:   1%|          | 867/170300 [00:03<05:21, 527.03 examples/s]Map:   1%|          | 929/170300 [00:03<05:06, 552.27 examples/s]Map:   1%|          | 1000/170300 [00:03<08:18, 339.87 examples/s]Map:   1%|          | 1057/170300 [00:03<07:21, 383.11 examples/s]Map:   1%|          | 1129/170300 [00:03<06:12, 453.92 examples/s]Map:   1%|          | 1212/170300 [00:04<05:51, 481.18 examples/s]Map:   1%|          | 1271/170300 [00:04<05:36, 502.86 examples/s]Map:   1%|          | 1335/170300 [00:04<05:16, 534.37 examples/s]Map:   1%|          | 1408/170300 [00:04<04:50, 581.48 examples/s]Map:   1%|          | 1475/170300 [00:04<04:39, 603.59 examples/s]Map:   1%|          | 1550/170300 [00:04<04:23, 640.41 examples/s]Map:   1%|          | 1624/170300 [00:04<04:13, 666.11 examples/s]Map:   1%|          | 1699/170300 [00:04<04:06, 683.71 examples/s]Map:   1%|          | 1774/170300 [00:04<04:06, 683.59 examples/s]Map:   1%|          | 1844/170300 [00:05<04:06, 682.98 examples/s]Map:   1%|          | 1913/170300 [00:07<36:56, 75.96 examples/s] Map:   1%|          | 1994/170300 [00:08<26:44, 104.89 examples/s]Map:   1%|          | 2065/170300 [00:08<20:42, 135.44 examples/s]Map:   1%|          | 2122/170300 [00:08<16:48, 166.69 examples/s]Map:   1%|▏         | 2193/170300 [00:08<12:51, 217.99 examples/s]Map:   1%|▏         | 2261/170300 [00:08<10:16, 272.49 examples/s]Map:   1%|▏         | 2333/170300 [00:08<08:18, 337.01 examples/s]Map:   1%|▏         | 2397/170300 [00:08<07:12, 388.44 examples/s]Map:   1%|▏         | 2468/170300 [00:08<06:12, 451.03 examples/s]Map:   1%|▏         | 2545/170300 [00:08<05:23, 519.35 examples/s]Map:   2%|▏         | 2648/170300 [00:09<04:53, 571.20 examples/s]Map:   2%|▏         | 2748/170300 [00:09<04:40, 596.91 examples/s]Map:   2%|▏         | 2825/170300 [00:09<04:24, 633.89 examples/s]Map:   2%|▏         | 2927/170300 [00:09<04:19, 645.83 examples/s]Map:   2%|▏         | 3000/170300 [00:09<04:39, 598.75 examples/s]Map:   2%|▏         | 3072/170300 [00:09<04:28, 623.64 examples/s]Map:   2%|▏         | 3145/170300 [00:09<04:17, 648.38 examples/s]Map:   2%|▏         | 3252/170300 [00:10<04:09, 668.82 examples/s]Map:   2%|▏         | 3327/170300 [00:10<04:04, 683.75 examples/s]Map:   2%|▏         | 3400/170300 [00:10<04:00, 693.72 examples/s]Map:   2%|▏         | 3504/170300 [00:10<04:04, 682.60 examples/s]Map:   2%|▏         | 3584/170300 [00:10<03:55, 709.25 examples/s]Map:   2%|▏         | 3660/170300 [00:10<03:52, 717.97 examples/s]Map:   2%|▏         | 3758/170300 [00:10<04:00, 691.71 examples/s]Map:   2%|▏         | 3863/170300 [00:10<04:01, 689.37 examples/s]Map:   2%|▏         | 3941/170300 [00:11<03:54, 708.22 examples/s]Map:   2%|▏         | 4037/170300 [00:11<04:23, 631.25 examples/s]Map:   2%|▏         | 4114/170300 [00:11<04:10, 662.33 examples/s]Map:   2%|▏         | 4193/170300 [00:11<04:05, 677.66 examples/s]Map:   3%|▎         | 4272/170300 [00:11<03:56, 703.13 examples/s]Map:   3%|▎         | 4347/170300 [00:11<03:52, 713.38 examples/s]Map:   3%|▎         | 4433/170300 [00:11<03:41, 750.00 examples/s]Map:   3%|▎         | 4514/170300 [00:11<03:37, 760.99 examples/s]Map:   3%|▎         | 4625/170300 [00:11<03:41, 749.08 examples/s]Map:   3%|▎         | 4740/170300 [00:12<03:39, 754.58 examples/s]Map:   3%|▎         | 4820/170300 [00:12<03:37, 761.89 examples/s]Map:   3%|▎         | 4898/170300 [00:12<03:37, 759.57 examples/s]Map:   3%|▎         | 4975/170300 [00:12<03:37, 760.54 examples/s]Map:   3%|▎         | 5078/170300 [00:12<03:56, 698.88 examples/s]Map:   3%|▎         | 5178/170300 [00:12<04:01, 684.85 examples/s]Map:   3%|▎         | 5290/170300 [00:12<03:56, 699.00 examples/s]Map:   3%|▎         | 5369/170300 [00:13<03:49, 718.13 examples/s]Map:   3%|▎         | 5447/170300 [00:13<03:45, 731.52 examples/s]Map:   3%|▎         | 5542/170300 [00:13<03:58, 691.63 examples/s]Map:   3%|▎         | 5618/170300 [00:13<03:53, 705.26 examples/s]Map:   3%|▎         | 5701/170300 [00:13<03:44, 734.15 examples/s]Map:   3%|▎         | 5779/170300 [00:13<03:40, 745.02 examples/s]Map:   3%|▎         | 5886/170300 [00:13<03:44, 731.43 examples/s]Map:   4%|▎         | 5971/170300 [00:13<03:36, 758.59 examples/s]Map:   4%|▎         | 6083/170300 [00:13<03:52, 705.11 examples/s]Map:   4%|▎         | 6163/170300 [00:14<03:46, 724.48 examples/s]Map:   4%|▎         | 6243/170300 [00:14<03:42, 738.66 examples/s]Map:   4%|▎         | 6364/170300 [00:14<03:36, 758.61 examples/s]Map:   4%|▍         | 6445/170300 [00:14<03:32, 769.97 examples/s]Map:   4%|▍         | 6543/170300 [00:14<03:45, 725.02 examples/s]Map:   4%|▍         | 6621/170300 [00:14<03:42, 736.55 examples/s]Map:   4%|▍         | 6704/170300 [00:14<03:35, 759.50 examples/s]Map:   4%|▍         | 6811/170300 [00:14<03:40, 740.86 examples/s]Map:   4%|▍         | 6895/170300 [00:15<03:33, 764.13 examples/s]Map:   4%|▍         | 6975/170300 [00:15<03:32, 768.88 examples/s]Map:   4%|▍         | 7078/170300 [00:15<03:52, 703.09 examples/s]Map:   4%|▍         | 7155/170300 [00:15<03:47, 717.29 examples/s]Map:   4%|▍         | 7233/170300 [00:15<03:42, 731.30 examples/s]Map:   4%|▍         | 7315/170300 [00:15<03:37, 749.60 examples/s]Map:   4%|▍         | 7397/170300 [00:15<03:31, 768.52 examples/s]Map:   4%|▍         | 7513/170300 [00:15<03:32, 764.76 examples/s]Map:   4%|▍         | 7600/170300 [00:15<03:26, 789.70 examples/s]Map:   5%|▍         | 7682/170300 [00:16<03:24, 793.61 examples/s]Map:   5%|▍         | 7766/170300 [00:16<03:22, 804.36 examples/s]Map:   5%|▍         | 7847/170300 [00:16<03:22, 803.28 examples/s]Map:   5%|▍         | 7957/170300 [00:16<03:30, 772.58 examples/s]Map:   5%|▍         | 8041/170300 [00:16<03:44, 723.17 examples/s]Map:   5%|▍         | 8128/170300 [00:16<03:33, 758.24 examples/s]Map:   5%|▍         | 8209/170300 [00:16<03:30, 770.67 examples/s]Map:   5%|▍         | 8292/170300 [00:16<03:26, 784.54 examples/s]Map:   5%|▍         | 8376/170300 [00:16<03:23, 795.54 examples/s]Map:   5%|▍         | 8458/170300 [00:17<03:22, 801.02 examples/s]Map:   5%|▌         | 8566/170300 [00:17<03:31, 762.96 examples/s]Map:   5%|▌         | 8645/170300 [00:17<03:30, 767.67 examples/s]Map:   5%|▌         | 8730/170300 [00:17<03:24, 788.17 examples/s]Map:   5%|▌         | 8811/170300 [00:17<03:23, 792.89 examples/s]Map:   5%|▌         | 8896/170300 [00:17<03:20, 805.79 examples/s]Map:   5%|▌         | 9000/170300 [00:17<03:40, 732.26 examples/s]Map:   5%|▌         | 9109/170300 [00:17<03:41, 727.64 examples/s]Map:   5%|▌         | 9191/170300 [00:18<03:35, 747.59 examples/s]Map:   5%|▌         | 9270/170300 [00:18<03:32, 757.39 examples/s]Map:   5%|▌         | 9347/170300 [00:18<03:32, 756.87 examples/s]Map:   6%|▌         | 9429/170300 [00:18<03:28, 770.80 examples/s]Map:   6%|▌         | 9509/170300 [00:18<03:27, 776.71 examples/s]Map:   6%|▌         | 9626/170300 [00:18<03:26, 776.37 examples/s]Map:   6%|▌         | 9709/170300 [00:18<03:23, 788.97 examples/s]Map:   6%|▌         | 9794/170300 [00:18<03:20, 802.39 examples/s]Map:   6%|▌         | 9917/170300 [00:18<03:18, 807.22 examples/s]Map:   6%|▌         | 10010/170300 [00:19<03:37, 735.72 examples/s]Map:   6%|▌         | 10088/170300 [00:19<03:34, 745.94 examples/s]Map:   6%|▌         | 10166/170300 [00:19<03:32, 752.96 examples/s]Map:   6%|▌         | 10251/170300 [00:19<03:26, 774.58 examples/s]Map:   6%|▌         | 10330/170300 [00:19<03:26, 775.30 examples/s]Map:   6%|▌         | 10419/170300 [00:19<03:18, 805.18 examples/s]Map:   6%|▌         | 10505/170300 [00:19<03:15, 817.52 examples/s]Map:   6%|▌         | 10634/170300 [00:19<03:12, 828.22 examples/s]Map:   6%|▋         | 10723/170300 [00:19<03:09, 842.25 examples/s]Map:   6%|▋         | 10809/170300 [00:20<03:08, 844.10 examples/s]Map:   6%|▋         | 10895/170300 [00:20<03:08, 847.77 examples/s]Map:   6%|▋         | 10983/170300 [00:20<03:06, 853.87 examples/s]Map:   7%|▋         | 11079/170300 [00:20<03:35, 738.53 examples/s]Map:   7%|▋         | 11162/170300 [00:20<03:29, 760.10 examples/s]Map:   7%|▋         | 11248/170300 [00:20<03:23, 782.53 examples/s]Map:   7%|▋         | 11371/170300 [00:20<03:20, 793.27 examples/s]Map:   7%|▋         | 11464/170300 [00:20<03:12, 824.42 examples/s]Map:   7%|▋         | 11584/170300 [00:21<03:15, 811.89 examples/s]Map:   7%|▋         | 11703/170300 [00:21<03:18, 798.19 examples/s]Map:   7%|▋         | 11788/170300 [00:21<03:16, 808.62 examples/s]Map:   7%|▋         | 11880/170300 [00:21<03:10, 832.19 examples/s]Map:   7%|▋         | 12000/170300 [00:21<03:27, 762.26 examples/s]Map:   7%|▋         | 12082/170300 [00:21<03:24, 774.24 examples/s]Map:   7%|▋         | 12165/170300 [00:21<03:22, 782.76 examples/s]Map:   7%|▋         | 12252/170300 [00:21<03:16, 803.93 examples/s]Map:   7%|▋         | 12336/170300 [00:22<03:14, 811.79 examples/s]Map:   7%|▋         | 12460/170300 [00:22<03:14, 812.60 examples/s]Map:   7%|▋         | 12542/170300 [00:22<03:14, 811.54 examples/s]Map:   7%|▋         | 12667/170300 [00:22<03:13, 813.03 examples/s]Map:   7%|▋         | 12750/170300 [00:22<03:13, 816.15 examples/s]Map:   8%|▊         | 12833/170300 [00:22<03:13, 814.53 examples/s]Map:   8%|▊         | 12919/170300 [00:22<03:11, 821.75 examples/s]Map:   8%|▊         | 13044/170300 [00:22<03:24, 767.79 examples/s]Map:   8%|▊         | 13129/170300 [00:23<03:19, 785.95 examples/s]Map:   8%|▊         | 13212/170300 [00:23<03:17, 796.10 examples/s]Map:   8%|▊         | 13298/170300 [00:23<03:13, 810.24 examples/s]Map:   8%|▊         | 13388/170300 [00:23<03:08, 833.41 examples/s]Map:   8%|▊         | 13517/170300 [00:23<03:06, 840.69 examples/s]Map:   8%|▊         | 13639/170300 [00:23<03:09, 825.66 examples/s]Map:   8%|▊         | 13763/170300 [00:23<03:11, 818.43 examples/s]Map:   8%|▊         | 13883/170300 [00:23<03:14, 804.82 examples/s]Map:   8%|▊         | 13971/170300 [00:24<03:11, 817.36 examples/s]Map:   8%|▊         | 14085/170300 [00:24<03:26, 756.58 examples/s]Map:   8%|▊         | 14169/170300 [00:24<03:21, 773.38 examples/s]Map:   8%|▊         | 14249/170300 [00:24<03:20, 778.58 examples/s]Map:   8%|▊         | 14345/170300 [00:24<04:03, 639.41 examples/s]Map:   8%|▊         | 14431/170300 [00:24<05:41, 456.15 examples/s]Map:   9%|▊         | 14520/170300 [00:25<04:53, 530.48 examples/s]Map:   9%|▊         | 14603/170300 [00:25<04:24, 588.23 examples/s]Map:   9%|▊         | 14686/170300 [00:25<04:02, 641.49 examples/s]Map:   9%|▊         | 14781/170300 [00:25<03:38, 712.30 examples/s]Map:   9%|▊         | 14899/170300 [00:25<03:30, 736.86 examples/s]Map:   9%|▉         | 15000/170300 [00:25<03:47, 683.82 examples/s]Map:   9%|▉         | 15083/170300 [00:25<03:37, 713.84 examples/s]Map:   9%|▉         | 15168/170300 [00:25<03:28, 744.76 examples/s]Map:   9%|▉         | 15255/170300 [00:25<03:20, 771.60 examples/s]Map:   9%|▉         | 15345/170300 [00:26<03:12, 804.92 examples/s]Map:   9%|▉         | 15469/170300 [00:26<03:11, 806.76 examples/s]Map:   9%|▉         | 15557/170300 [00:26<03:10, 810.22 examples/s]Map:   9%|▉         | 15644/170300 [00:26<03:08, 820.92 examples/s]Map:   9%|▉         | 15733/170300 [00:26<03:04, 837.84 examples/s]Map:   9%|▉         | 15854/170300 [00:26<03:07, 825.05 examples/s]Map:   9%|▉         | 15982/170300 [00:26<03:05, 830.89 examples/s]Map:   9%|▉         | 16077/170300 [00:27<03:26, 746.97 examples/s]Map:  10%|▉         | 16187/170300 [00:27<03:28, 739.49 examples/s]Map:  10%|▉         | 16303/170300 [00:27<03:26, 746.95 examples/s]Map:  10%|▉         | 16399/170300 [00:27<03:13, 794.11 examples/s]Map:  10%|▉         | 16521/170300 [00:27<03:13, 796.77 examples/s]Map:  10%|▉         | 16604/170300 [00:27<03:11, 802.96 examples/s]Map:  10%|▉         | 16695/170300 [00:27<03:05, 827.50 examples/s]Map:  10%|▉         | 16817/170300 [00:27<03:07, 818.16 examples/s]Map:  10%|▉         | 16904/170300 [00:28<03:04, 829.64 examples/s]Map:  10%|▉         | 16991/170300 [00:28<03:02, 837.81 examples/s]Map:  10%|█         | 17092/170300 [00:28<03:17, 775.05 examples/s]Map:  10%|█         | 17177/170300 [00:28<03:13, 790.83 examples/s]Map:  10%|█         | 17268/170300 [00:28<03:06, 820.18 examples/s]Map:  10%|█         | 17360/170300 [00:28<03:02, 840.27 examples/s]Map:  10%|█         | 17448/170300 [00:28<03:00, 846.25 examples/s]Map:  10%|█         | 17568/170300 [00:28<03:05, 824.68 examples/s]Map:  10%|█         | 17655/170300 [00:28<03:03, 833.12 examples/s]Map:  10%|█         | 17748/170300 [00:29<02:58, 856.87 examples/s]Map:  10%|█         | 17875/170300 [00:29<02:59, 849.46 examples/s]Map:  11%|█         | 17964/170300 [00:29<02:57, 856.68 examples/s]Map:  11%|█         | 18091/170300 [00:29<03:11, 794.07 examples/s]Map:  11%|█         | 18179/170300 [00:29<03:07, 812.22 examples/s]Map:  11%|█         | 18273/170300 [00:29<03:00, 842.88 examples/s]Map:  11%|█         | 18397/170300 [00:29<03:02, 833.31 examples/s]Map:  11%|█         | 18483/170300 [00:29<03:01, 836.49 examples/s]Map:  11%|█         | 18569/170300 [00:30<03:00, 841.41 examples/s]Map:  11%|█         | 18655/170300 [00:30<03:06, 813.64 examples/s]Map:  11%|█         | 18743/170300 [00:30<03:03, 825.76 examples/s]Map:  11%|█         | 18867/170300 [00:30<03:05, 817.57 examples/s]Map:  11%|█         | 18951/170300 [00:30<03:05, 814.43 examples/s]Map:  11%|█         | 19055/170300 [00:30<03:16, 768.22 examples/s]Map:  11%|█▏        | 19162/170300 [00:30<03:22, 747.60 examples/s]Map:  11%|█▏        | 19254/170300 [00:30<03:12, 784.89 examples/s]Map:  11%|█▏        | 19372/170300 [00:31<03:12, 784.06 examples/s]Map:  11%|█▏        | 19462/170300 [00:31<03:05, 811.03 examples/s]Map:  11%|█▏        | 19546/170300 [00:31<03:05, 813.80 examples/s]Map:  12%|█▏        | 19636/170300 [00:31<03:00, 833.04 examples/s]Map:  12%|█▏        | 19732/170300 [00:31<02:54, 865.14 examples/s]Map:  12%|█▏        | 19863/170300 [00:31<02:54, 863.05 examples/s]Map:  12%|█▏        | 19986/170300 [00:31<02:59, 835.86 examples/s]Map:  12%|█▏        | 20095/170300 [00:31<03:08, 796.75 examples/s]Map:  12%|█▏        | 20183/170300 [00:32<03:12, 780.35 examples/s]Map:  12%|█▏        | 20270/170300 [00:32<03:07, 799.87 examples/s]Map:  12%|█▏        | 20385/170300 [00:32<03:10, 785.40 examples/s]Map:  12%|█▏        | 20471/170300 [00:32<03:06, 802.13 examples/s]Map:  12%|█▏        | 20579/170300 [00:32<03:14, 771.15 examples/s]Map:  12%|█▏        | 20701/170300 [00:32<03:11, 782.70 examples/s]Map:  12%|█▏        | 20794/170300 [00:32<03:03, 814.53 examples/s]Map:  12%|█▏        | 20886/170300 [00:32<02:58, 836.67 examples/s]Map:  12%|█▏        | 20972/170300 [00:33<02:58, 837.73 examples/s]Map:  12%|█▏        | 21086/170300 [00:33<03:14, 767.42 examples/s]Map:  12%|█▏        | 21170/170300 [00:33<03:11, 780.40 examples/s]Map:  12%|█▏        | 21265/170300 [00:33<03:06, 800.23 examples/s]Map:  13%|█▎        | 21355/170300 [00:33<03:00, 825.06 examples/s]Map:  13%|█▎        | 21448/170300 [00:33<02:55, 850.45 examples/s]Map:  13%|█▎        | 21539/170300 [00:33<02:52, 862.68 examples/s]Map:  13%|█▎        | 21632/170300 [00:33<02:49, 878.49 examples/s]Map:  13%|█▎        | 21765/170300 [00:33<02:49, 875.26 examples/s]Map:  13%|█▎        | 21855/170300 [00:34<02:48, 880.00 examples/s]Map:  13%|█▎        | 21944/170300 [00:34<02:48, 878.87 examples/s]Map:  13%|█▎        | 22047/170300 [00:34<03:55, 628.34 examples/s]Map:  13%|█▎        | 22128/170300 [00:34<03:42, 666.11 examples/s]Map:  13%|█▎        | 22220/170300 [00:34<03:24, 723.65 examples/s]Map:  13%|█▎        | 22303/170300 [00:34<03:18, 747.17 examples/s]Map:  13%|█▎        | 22392/170300 [00:34<03:08, 783.63 examples/s]Map:  13%|█▎        | 22479/170300 [00:34<03:03, 804.07 examples/s]Map:  13%|█▎        | 22564/170300 [00:35<03:01, 813.17 examples/s]Map:  13%|█▎        | 22648/170300 [00:35<03:00, 819.28 examples/s]Map:  13%|█▎        | 22746/170300 [00:35<02:51, 858.90 examples/s]Map:  13%|█▎        | 22870/170300 [00:35<02:56, 833.28 examples/s]Map:  14%|█▎        | 22994/170300 [00:35<02:58, 826.51 examples/s]Map:  14%|█▎        | 23097/170300 [00:35<03:09, 777.40 examples/s]Map:  14%|█▎        | 23177/170300 [00:35<03:08, 782.26 examples/s]Map:  14%|█▎        | 23273/170300 [00:35<02:57, 826.21 examples/s]Map:  14%|█▎        | 23385/170300 [00:36<03:05, 793.55 examples/s]Map:  14%|█▍        | 23473/170300 [00:36<03:00, 814.54 examples/s]Map:  14%|█▍        | 23561/170300 [00:36<02:56, 831.59 examples/s]Map:  14%|█▍        | 23650/170300 [00:36<02:53, 845.81 examples/s]Map:  14%|█▍        | 23741/170300 [00:36<02:50, 861.43 examples/s]Map:  14%|█▍        | 23830/170300 [00:36<02:49, 864.78 examples/s]Map:  14%|█▍        | 23919/170300 [00:36<02:48, 869.50 examples/s]Map:  14%|█▍        | 24045/170300 [00:36<03:04, 790.82 examples/s]Map:  14%|█▍        | 24136/170300 [00:36<02:58, 817.85 examples/s]Map:  14%|█▍        | 24221/170300 [00:37<02:57, 824.77 examples/s]Map:  14%|█▍        | 24311/170300 [00:37<02:53, 842.18 examples/s]Map:  14%|█▍        | 24404/170300 [00:37<02:48, 863.70 examples/s]Map:  14%|█▍        | 24529/170300 [00:37<02:51, 847.99 examples/s]Map:  14%|█▍        | 24616/170300 [00:37<02:51, 851.62 examples/s]Map:  15%|█▍        | 24709/170300 [00:37<02:46, 872.16 examples/s]Map:  15%|█▍        | 24797/170300 [00:37<02:47, 869.49 examples/s]Map:  15%|█▍        | 24928/170300 [00:37<02:47, 865.90 examples/s]Map:  15%|█▍        | 25044/170300 [00:38<03:03, 792.89 examples/s]Map:  15%|█▍        | 25133/170300 [00:38<02:58, 815.21 examples/s]Map:  15%|█▍        | 25224/170300 [00:38<02:53, 836.25 examples/s]Map:  15%|█▍        | 25312/170300 [00:38<02:51, 844.95 examples/s]Map:  15%|█▍        | 25400/170300 [00:38<02:50, 852.17 examples/s]Map:  15%|█▍        | 25487/170300 [00:38<02:49, 855.27 examples/s]Map:  15%|█▌        | 25574/170300 [00:38<02:48, 856.70 examples/s]Map:  15%|█▌        | 25700/170300 [00:38<02:50, 847.00 examples/s]Map:  15%|█▌        | 25791/170300 [00:38<02:48, 857.59 examples/s]Map:  15%|█▌        | 25916/170300 [00:39<02:50, 844.53 examples/s]Map:  15%|█▌        | 26036/170300 [00:39<03:01, 793.02 examples/s]Map:  15%|█▌        | 26130/170300 [00:39<02:54, 826.18 examples/s]Map:  15%|█▌        | 26224/170300 [00:39<02:49, 850.87 examples/s]Map:  15%|█▌        | 26316/170300 [00:39<02:46, 866.73 examples/s]Map:  16%|█▌        | 26448/170300 [00:39<02:45, 868.22 examples/s]Map:  16%|█▌        | 26578/170300 [00:39<02:46, 864.42 examples/s]Map:  16%|█▌        | 26669/170300 [00:39<02:45, 869.96 examples/s]Map:  16%|█▌        | 26761/170300 [00:40<02:42, 880.98 examples/s]Map:  16%|█▌        | 26896/170300 [00:40<02:41, 885.22 examples/s]Map:  16%|█▌        | 26986/170300 [00:40<02:42, 883.64 examples/s]Map:  16%|█▌        | 27081/170300 [00:40<03:01, 790.83 examples/s]Map:  16%|█▌        | 27174/170300 [00:40<02:54, 819.32 examples/s]Map:  16%|█▌        | 27261/170300 [00:40<02:52, 831.23 examples/s]Map:  16%|█▌        | 27390/170300 [00:40<02:50, 839.15 examples/s]Map:  16%|█▌        | 27519/170300 [00:40<02:49, 843.24 examples/s]Map:  16%|█▌        | 27638/170300 [00:41<02:52, 825.25 examples/s]Map:  16%|█▋        | 27729/170300 [00:41<02:48, 843.81 examples/s]Map:  16%|█▋        | 27822/170300 [00:41<02:45, 862.51 examples/s]Map:  16%|█▋        | 27949/170300 [00:41<02:46, 854.15 examples/s]Map:  16%|█▋        | 28055/170300 [00:41<02:57, 801.14 examples/s]Map:  17%|█▋        | 28178/170300 [00:41<02:57, 802.77 examples/s]Map:  17%|█▋        | 28269/170300 [00:41<02:55, 808.59 examples/s]Map:  17%|█▋        | 28362/170300 [00:41<02:49, 836.69 examples/s]Map:  17%|█▋        | 28448/170300 [00:42<02:49, 839.32 examples/s]Map:  17%|█▋        | 28539/170300 [00:42<02:46, 852.63 examples/s]Map:  17%|█▋        | 28662/170300 [00:42<02:49, 837.61 examples/s]Map:  17%|█▋        | 28756/170300 [00:42<02:44, 858.93 examples/s]Map:  17%|█▋        | 28847/170300 [00:42<02:42, 868.94 examples/s]Map:  17%|█▋        | 28979/170300 [00:42<02:42, 868.35 examples/s]Map:  17%|█▋        | 29095/170300 [00:42<02:53, 816.01 examples/s]Map:  17%|█▋        | 29188/170300 [00:42<02:47, 841.23 examples/s]Map:  17%|█▋        | 29317/170300 [00:43<02:47, 843.03 examples/s]Map:  17%|█▋        | 29408/170300 [00:43<02:44, 856.81 examples/s]Map:  17%|█▋        | 29495/170300 [00:43<02:44, 856.33 examples/s]Map:  17%|█▋        | 29623/170300 [00:43<02:49, 827.85 examples/s]Map:  17%|█▋        | 29708/170300 [00:43<02:48, 831.99 examples/s]Map:  17%|█▋        | 29799/170300 [00:43<02:45, 850.51 examples/s]Map:  18%|█▊        | 29892/170300 [00:43<02:41, 869.57 examples/s]Map:  18%|█▊        | 30000/170300 [00:43<02:57, 789.21 examples/s]Map:  18%|█▊        | 30088/170300 [00:44<02:53, 810.11 examples/s]Map:  18%|█▊        | 30180/170300 [00:44<02:47, 838.12 examples/s]Map:  18%|█▊        | 30272/170300 [00:44<02:43, 857.85 examples/s]Map:  18%|█▊        | 30362/170300 [00:44<02:41, 867.32 examples/s]Map:  18%|█▊        | 30497/170300 [00:44<02:41, 867.03 examples/s]Map:  18%|█▊        | 30594/170300 [00:44<02:37, 889.04 examples/s]Map:  18%|█▊        | 30686/170300 [00:44<02:36, 893.42 examples/s]Map:  18%|█▊        | 30814/170300 [00:44<02:41, 862.35 examples/s]Map:  18%|█▊        | 30936/170300 [00:44<02:45, 841.11 examples/s]Map:  18%|█▊        | 31041/170300 [00:45<02:59, 774.29 examples/s]Map:  18%|█▊        | 31132/170300 [00:45<02:53, 803.75 examples/s]Map:  18%|█▊        | 31231/170300 [00:45<02:44, 847.67 examples/s]Map:  18%|█▊        | 31326/170300 [00:45<02:39, 871.77 examples/s]Map:  18%|█▊        | 31423/170300 [00:45<02:34, 896.14 examples/s]Map:  19%|█▊        | 31557/170300 [00:45<02:35, 891.84 examples/s]Map:  19%|█▊        | 31653/170300 [00:45<02:33, 905.59 examples/s]Map:  19%|█▊        | 31785/170300 [00:45<02:34, 894.07 examples/s]Map:  19%|█▊        | 31876/170300 [00:46<02:34, 894.99 examples/s]Map:  19%|█▉        | 31972/170300 [00:46<02:31, 910.18 examples/s]Map:  19%|█▉        | 32072/170300 [00:46<02:59, 771.36 examples/s]Map:  19%|█▉        | 32164/170300 [00:46<02:51, 805.75 examples/s]Map:  19%|█▉        | 32254/170300 [00:46<02:46, 829.84 examples/s]Map:  19%|█▉        | 32340/170300 [00:46<02:45, 834.62 examples/s]Map:  19%|█▉        | 32429/170300 [00:46<03:06, 737.99 examples/s]Map:  19%|█▉        | 32518/170300 [00:46<02:58, 771.20 examples/s]Map:  19%|█▉        | 32606/170300 [00:46<02:52, 796.89 examples/s]Map:  19%|█▉        | 32699/170300 [00:47<02:46, 827.14 examples/s]Map:  19%|█▉        | 32799/170300 [00:47<02:40, 857.36 examples/s]Map:  19%|█▉        | 32912/170300 [00:47<02:48, 815.23 examples/s]Map:  19%|█▉        | 33000/170300 [00:47<02:57, 775.07 examples/s]Map:  19%|█▉        | 33086/170300 [00:47<02:52, 795.52 examples/s]Map:  19%|█▉        | 33198/170300 [00:47<02:57, 772.75 examples/s]Map:  20%|█▉        | 33299/170300 [00:47<02:44, 830.33 examples/s]Map:  20%|█▉        | 33425/170300 [00:48<02:48, 811.64 examples/s]Map:  20%|█▉        | 33541/170300 [00:48<02:51, 796.78 examples/s]Map:  20%|█▉        | 33623/170300 [00:48<02:50, 799.38 examples/s]Map:  20%|█▉        | 33719/170300 [00:48<02:43, 837.92 examples/s]Map:  20%|█▉        | 33819/170300 [00:48<02:35, 880.09 examples/s]Map:  20%|█▉        | 33942/170300 [00:48<02:39, 856.76 examples/s]Map:  20%|█▉        | 34049/170300 [00:48<02:49, 805.11 examples/s]Map:  20%|██        | 34132/170300 [00:48<02:49, 805.50 examples/s]Map:  20%|██        | 34235/170300 [00:49<02:58, 762.96 examples/s]Map:  20%|██        | 34329/170300 [00:49<02:49, 803.84 examples/s]Map:  20%|██        | 34421/170300 [00:49<02:44, 827.99 examples/s]Map:  20%|██        | 34537/170300 [00:49<02:53, 784.46 examples/s]Map:  20%|██        | 34632/170300 [00:49<02:45, 821.30 examples/s]Map:  20%|██        | 34746/170300 [00:49<02:50, 796.88 examples/s]Map:  20%|██        | 34829/170300 [00:49<02:48, 803.69 examples/s]Map:  21%|██        | 34945/170300 [00:49<02:51, 789.34 examples/s]Map:  21%|██        | 35040/170300 [00:50<03:07, 719.54 examples/s]Map:  21%|██        | 35133/170300 [00:50<03:03, 737.21 examples/s]Map:  21%|██        | 35212/170300 [00:50<03:00, 748.68 examples/s]Map:  21%|██        | 35293/170300 [00:50<02:57, 760.87 examples/s]Map:  21%|██        | 35381/170300 [00:50<02:50, 790.43 examples/s]Map:  21%|██        | 35486/170300 [00:50<02:58, 754.84 examples/s]Map:  21%|██        | 35574/170300 [00:50<02:51, 785.41 examples/s]Map:  21%|██        | 35669/170300 [00:50<02:47, 805.84 examples/s]Map:  21%|██        | 35759/170300 [00:50<02:42, 828.26 examples/s]Map:  21%|██        | 35855/170300 [00:51<03:02, 736.75 examples/s]Map:  21%|██        | 35940/170300 [00:51<02:55, 763.77 examples/s]Map:  21%|██        | 36059/170300 [00:51<03:16, 681.74 examples/s]Map:  21%|██        | 36135/170300 [00:51<03:12, 698.60 examples/s]Map:  21%|██▏       | 36215/170300 [00:51<03:06, 719.35 examples/s]Map:  21%|██▏       | 36292/170300 [00:51<03:03, 731.87 examples/s]Map:  21%|██▏       | 36369/170300 [00:51<03:00, 741.03 examples/s]Map:  21%|██▏       | 36455/170300 [00:51<02:53, 771.17 examples/s]Map:  21%|██▏       | 36550/170300 [00:52<02:42, 820.67 examples/s]Map:  22%|██▏       | 36642/170300 [00:52<02:40, 831.40 examples/s]Map:  22%|██▏       | 36734/170300 [00:52<02:36, 852.76 examples/s]Map:  22%|██▏       | 36852/170300 [00:52<02:43, 818.66 examples/s]Map:  22%|██▏       | 36943/170300 [00:52<02:38, 839.59 examples/s]Map:  22%|██▏       | 37037/170300 [00:52<02:57, 752.55 examples/s]Map:  22%|██▏       | 37124/170300 [00:52<02:50, 781.39 examples/s]Map:  22%|██▏       | 37247/170300 [00:52<02:50, 778.72 examples/s]Map:  22%|██▏       | 37336/170300 [00:53<02:49, 783.98 examples/s]Map:  22%|██▏       | 37416/170300 [00:53<02:53, 767.64 examples/s]Map:  22%|██▏       | 37504/170300 [00:53<02:48, 789.32 examples/s]Map:  22%|██▏       | 37586/170300 [00:53<02:46, 795.30 examples/s]Map:  22%|██▏       | 37691/170300 [00:53<02:39, 830.64 examples/s]Map:  22%|██▏       | 37777/170300 [00:53<02:38, 835.92 examples/s]Map:  22%|██▏       | 37869/170300 [00:53<02:34, 856.65 examples/s]Map:  22%|██▏       | 37965/170300 [00:53<02:29, 882.84 examples/s]Map:  22%|██▏       | 38088/170300 [00:53<02:43, 808.69 examples/s]Map:  22%|██▏       | 38216/170300 [00:54<02:43, 809.54 examples/s]Map:  23%|██▎       | 38342/170300 [00:54<02:41, 817.06 examples/s]Map:  23%|██▎       | 38433/170300 [00:54<02:37, 835.96 examples/s]Map:  23%|██▎       | 38519/170300 [00:54<02:37, 839.32 examples/s]Map:  23%|██▎       | 38613/170300 [00:54<02:32, 860.72 examples/s]Map:  23%|██▎       | 38700/170300 [00:54<02:32, 860.52 examples/s]Map:  23%|██▎       | 38791/170300 [00:54<02:30, 871.93 examples/s]Map:  23%|██▎       | 38882/170300 [00:54<02:29, 877.50 examples/s]Map:  23%|██▎       | 39000/170300 [00:55<02:46, 790.40 examples/s]Map:  23%|██▎       | 39123/170300 [00:55<02:44, 796.30 examples/s]Map:  23%|██▎       | 39220/170300 [00:55<02:37, 833.16 examples/s]Map:  23%|██▎       | 39312/170300 [00:55<02:33, 854.51 examples/s]Map:  23%|██▎       | 39403/170300 [00:55<02:31, 866.13 examples/s]Map:  23%|██▎       | 39531/170300 [00:55<02:31, 860.55 examples/s]Map:  23%|██▎       | 39646/170300 [00:55<02:39, 817.51 examples/s]Map:  23%|██▎       | 39760/170300 [00:55<02:45, 790.25 examples/s]Map:  23%|██▎       | 39854/170300 [00:56<02:38, 823.92 examples/s]Map:  23%|██▎       | 39942/170300 [00:56<02:36, 835.26 examples/s]Map:  24%|██▎       | 40047/170300 [00:56<02:46, 781.63 examples/s]Map:  24%|██▎       | 40135/170300 [00:56<02:41, 804.22 examples/s]Map:  24%|██▎       | 40227/170300 [00:56<02:40, 810.20 examples/s]Map:  24%|██▎       | 40354/170300 [00:56<02:39, 816.09 examples/s]Map:  24%|██▍       | 40450/170300 [00:56<02:32, 849.82 examples/s]Map:  24%|██▍       | 40539/170300 [00:56<02:31, 855.40 examples/s]Map:  24%|██▍       | 40656/170300 [00:57<02:42, 797.17 examples/s]Map:  24%|██▍       | 40783/170300 [00:57<02:40, 807.85 examples/s]Map:  24%|██▍       | 40875/170300 [00:57<02:35, 833.50 examples/s]Map:  24%|██▍       | 40972/170300 [00:57<02:29, 866.85 examples/s]Map:  24%|██▍       | 41087/170300 [00:57<02:40, 803.52 examples/s]Map:  24%|██▍       | 41177/170300 [00:57<02:36, 825.20 examples/s]Map:  24%|██▍       | 41273/170300 [00:57<02:30, 857.00 examples/s]Map:  24%|██▍       | 41363/170300 [00:57<02:29, 864.03 examples/s]Map:  24%|██▍       | 41461/170300 [00:57<02:24, 893.93 examples/s]Map:  24%|██▍       | 41587/170300 [00:58<02:28, 868.28 examples/s]Map:  24%|██▍       | 41677/170300 [00:58<02:26, 875.40 examples/s]Map:  25%|██▍       | 41811/170300 [00:58<02:28, 864.47 examples/s]Map:  25%|██▍       | 41905/170300 [00:58<02:25, 882.21 examples/s]Map:  25%|██▍       | 42006/170300 [00:58<02:38, 807.24 examples/s]Map:  25%|██▍       | 42094/170300 [00:58<02:35, 822.69 examples/s]Map:  25%|██▍       | 42180/170300 [00:58<02:34, 828.86 examples/s]Map:  25%|██▍       | 42266/170300 [00:58<02:33, 834.81 examples/s]Map:  25%|██▍       | 42359/170300 [00:59<02:29, 856.45 examples/s]Map:  25%|██▍       | 42446/170300 [00:59<02:29, 852.58 examples/s]Map:  25%|██▍       | 42538/170300 [00:59<02:27, 868.06 examples/s]Map:  25%|██▌       | 42663/170300 [00:59<02:34, 826.90 examples/s]Map:  25%|██▌       | 42751/170300 [00:59<02:34, 825.65 examples/s]Map:  25%|██▌       | 42849/170300 [00:59<02:27, 864.05 examples/s]Map:  25%|██▌       | 42948/170300 [00:59<02:42, 785.47 examples/s]Map:  25%|██▌       | 43058/170300 [00:59<02:46, 766.09 examples/s]Map:  25%|██▌       | 43144/170300 [00:59<02:41, 787.38 examples/s]Map:  25%|██▌       | 43238/170300 [01:00<02:34, 820.89 examples/s]Map:  25%|██▌       | 43350/170300 [01:00<02:44, 773.24 examples/s]Map:  26%|██▌       | 43446/170300 [01:00<02:34, 818.59 examples/s]Map:  26%|██▌       | 43538/170300 [01:00<02:30, 842.22 examples/s]Map:  26%|██▌       | 43628/170300 [01:00<02:28, 855.07 examples/s]Map:  26%|██▌       | 43728/170300 [01:00<02:21, 893.89 examples/s]Map:  26%|██▌       | 43859/170300 [01:00<02:23, 878.75 examples/s]Map:  26%|██▌       | 43959/170300 [01:00<02:19, 907.51 examples/s]Map:  26%|██▌       | 44087/170300 [01:01<02:34, 816.95 examples/s]Map:  26%|██▌       | 44178/170300 [01:01<02:30, 836.60 examples/s]Map:  26%|██▌       | 44307/170300 [01:01<02:29, 840.62 examples/s]Map:  26%|██▌       | 44400/170300 [01:01<02:26, 859.43 examples/s]Map:  26%|██▌       | 44534/170300 [01:01<02:25, 866.23 examples/s]Map:  26%|██▌       | 44623/170300 [01:01<02:24, 868.12 examples/s]Map:  26%|██▋       | 44762/170300 [01:01<02:21, 885.41 examples/s]Map:  26%|██▋       | 44851/170300 [01:01<02:21, 884.74 examples/s]Map:  26%|██▋       | 44943/170300 [01:02<02:20, 891.86 examples/s]Map:  26%|██▋       | 45048/170300 [01:02<02:32, 820.99 examples/s]Map:  27%|██▋       | 45138/170300 [01:02<02:29, 839.07 examples/s]Map:  27%|██▋       | 45241/170300 [01:02<02:21, 884.19 examples/s]Map:  27%|██▋       | 45363/170300 [01:02<02:25, 857.41 examples/s]Map:  27%|██▋       | 45452/170300 [01:02<02:24, 862.74 examples/s]Map:  27%|██▋       | 45586/170300 [01:02<02:23, 871.29 examples/s]Map:  27%|██▋       | 45711/170300 [01:02<02:25, 855.17 examples/s]Map:  27%|██▋       | 45836/170300 [01:03<02:27, 846.55 examples/s]Map:  27%|██▋       | 45924/170300 [01:03<02:25, 853.52 examples/s]Map:  27%|██▋       | 46044/170300 [01:03<02:40, 772.82 examples/s]Map:  27%|██▋       | 46139/170300 [01:03<02:33, 810.98 examples/s]Map:  27%|██▋       | 46235/170300 [01:03<02:26, 844.47 examples/s]Map:  27%|██▋       | 46329/170300 [01:03<02:22, 867.60 examples/s]Map:  27%|██▋       | 46464/170300 [01:03<02:21, 873.05 examples/s]Map:  27%|██▋       | 46557/170300 [01:03<02:19, 886.79 examples/s]Map:  27%|██▋       | 46691/170300 [01:04<02:20, 882.77 examples/s]Map:  27%|██▋       | 46783/170300 [01:04<02:18, 890.13 examples/s]Map:  28%|██▊       | 46919/170300 [01:04<02:18, 893.07 examples/s]Map:  28%|██▊       | 47011/170300 [01:04<02:34, 798.03 examples/s]Map:  28%|██▊       | 47102/170300 [01:04<02:29, 822.50 examples/s]Map:  28%|██▊       | 47186/170300 [01:04<02:29, 825.21 examples/s]Map:  28%|██▊       | 47283/170300 [01:04<02:22, 862.23 examples/s]Map:  28%|██▊       | 47372/170300 [01:04<02:21, 867.74 examples/s]Map:  28%|██▊       | 47467/170300 [01:05<02:18, 886.50 examples/s]Map:  28%|██▊       | 47562/170300 [01:05<02:16, 898.97 examples/s]Map:  28%|██▊       | 47672/170300 [01:05<02:27, 832.81 examples/s]Map:  28%|██▊       | 47790/170300 [01:05<03:03, 668.27 examples/s]Map:  28%|██▊       | 47885/170300 [01:05<02:48, 726.32 examples/s]Map:  28%|██▊       | 47977/170300 [01:05<02:38, 769.68 examples/s]Map:  28%|██▊       | 48086/170300 [01:05<02:44, 741.55 examples/s]Map:  28%|██▊       | 48214/170300 [01:06<02:37, 775.52 examples/s]Map:  28%|██▊       | 48299/170300 [01:06<02:34, 791.14 examples/s]Map:  28%|██▊       | 48398/170300 [01:06<02:25, 838.17 examples/s]Map:  28%|██▊       | 48529/170300 [01:06<02:24, 845.39 examples/s]Map:  29%|██▊       | 48618/170300 [01:06<02:22, 854.74 examples/s]Map:  29%|██▊       | 48708/170300 [01:06<02:21, 861.62 examples/s]Map:  29%|██▊       | 48802/170300 [01:06<02:18, 879.72 examples/s]Map:  29%|██▊       | 48893/170300 [01:06<02:16, 888.09 examples/s]Map:  29%|██▉       | 48989/170300 [01:06<02:13, 906.77 examples/s]Map:  29%|██▉       | 49117/170300 [01:07<02:37, 768.98 examples/s]Map:  29%|██▉       | 49206/170300 [01:07<02:32, 793.93 examples/s]Map:  29%|██▉       | 49335/170300 [01:07<02:28, 813.27 examples/s]Map:  29%|██▉       | 49431/170300 [01:07<02:22, 848.65 examples/s]Map:  29%|██▉       | 49525/170300 [01:07<02:19, 866.28 examples/s]Map:  29%|██▉       | 49616/170300 [01:07<02:18, 872.99 examples/s]Map:  29%|██▉       | 49713/170300 [01:07<02:14, 897.94 examples/s]Map:  29%|██▉       | 49812/170300 [01:07<02:10, 921.81 examples/s]Map:  29%|██▉       | 49938/170300 [01:08<02:15, 889.09 examples/s]Map:  29%|██▉       | 50047/170300 [01:08<02:26, 823.10 examples/s]Map:  29%|██▉       | 50141/170300 [01:08<02:21, 849.30 examples/s]Map:  30%|██▉       | 50263/170300 [01:08<02:24, 831.89 examples/s]Map:  30%|██▉       | 50364/170300 [01:08<02:17, 874.06 examples/s]Map:  30%|██▉       | 50496/170300 [01:08<02:17, 870.75 examples/s]Map:  30%|██▉       | 50585/170300 [01:08<02:16, 873.89 examples/s]Map:  30%|██▉       | 50676/170300 [01:08<02:15, 882.25 examples/s]Map:  30%|██▉       | 50802/170300 [01:09<02:18, 864.42 examples/s]Map:  30%|██▉       | 50893/170300 [01:09<02:16, 872.98 examples/s]Map:  30%|██▉       | 51000/170300 [01:09<02:31, 787.68 examples/s]Map:  30%|███       | 51095/170300 [01:09<02:24, 826.14 examples/s]Map:  30%|███       | 51224/170300 [01:09<02:23, 830.40 examples/s]Map:  30%|███       | 51346/170300 [01:09<02:25, 820.01 examples/s]Map:  30%|███       | 51443/170300 [01:09<02:19, 851.83 examples/s]Map:  30%|███       | 51541/170300 [01:09<02:14, 881.79 examples/s]Map:  30%|███       | 51678/170300 [01:10<02:13, 888.42 examples/s]Map:  30%|███       | 51771/170300 [01:10<02:12, 894.63 examples/s]Map:  30%|███       | 51897/170300 [01:10<02:15, 873.83 examples/s]Map:  31%|███       | 51992/170300 [01:10<02:12, 892.28 examples/s]Map:  31%|███       | 52107/170300 [01:10<02:19, 847.17 examples/s]Map:  31%|███       | 52194/170300 [01:10<02:19, 848.16 examples/s]Map:  31%|███       | 52283/170300 [01:10<02:17, 856.54 examples/s]Map:  31%|███       | 52377/170300 [01:10<02:14, 874.90 examples/s]Map:  31%|███       | 52497/170300 [01:11<02:19, 845.56 examples/s]Map:  31%|███       | 52593/170300 [01:11<02:15, 871.75 examples/s]Map:  31%|███       | 52690/170300 [01:11<02:11, 895.04 examples/s]Map:  31%|███       | 52822/170300 [01:11<02:12, 887.17 examples/s]Map:  31%|███       | 52917/170300 [01:11<02:10, 900.00 examples/s]Map:  31%|███       | 53048/170300 [01:11<02:20, 836.12 examples/s]Map:  31%|███       | 53134/170300 [01:11<02:21, 826.63 examples/s]Map:  31%|███▏      | 53221/170300 [01:11<02:20, 832.50 examples/s]Map:  31%|███▏      | 53313/170300 [01:11<02:17, 850.92 examples/s]Map:  31%|███▏      | 53409/170300 [01:12<02:12, 879.09 examples/s]Map:  31%|███▏      | 53500/170300 [01:12<02:11, 886.82 examples/s]Map:  31%|███▏      | 53634/170300 [01:12<02:14, 864.62 examples/s]Map:  32%|███▏      | 53754/170300 [01:12<02:18, 840.54 examples/s]Map:  32%|███▏      | 53853/170300 [01:12<02:13, 874.95 examples/s]Map:  32%|███▏      | 53945/170300 [01:12<02:11, 885.55 examples/s]Map:  32%|███▏      | 54061/170300 [01:12<02:17, 843.72 examples/s]Map:  32%|███▏      | 54151/170300 [01:12<02:15, 856.65 examples/s]Map:  32%|███▏      | 54243/170300 [01:13<02:13, 871.40 examples/s]Map:  32%|███▏      | 54333/170300 [01:13<02:12, 874.09 examples/s]Map:  32%|███▏      | 54426/170300 [01:13<02:11, 882.47 examples/s]Map:  32%|███▏      | 54524/170300 [01:13<02:07, 906.96 examples/s]Map:  32%|███▏      | 54619/170300 [01:13<02:06, 914.53 examples/s]Map:  32%|███▏      | 54759/170300 [01:13<02:05, 919.52 examples/s]Map:  32%|███▏      | 54892/170300 [01:13<02:07, 904.56 examples/s]Map:  32%|███▏      | 55000/170300 [01:13<02:21, 815.97 examples/s]Map:  32%|███▏      | 55094/170300 [01:14<02:16, 844.85 examples/s]Map:  32%|███▏      | 55193/170300 [01:14<02:10, 880.68 examples/s]Map:  32%|███▏      | 55284/170300 [01:14<02:10, 878.92 examples/s]Map:  33%|███▎      | 55379/170300 [01:14<02:08, 896.10 examples/s]Map:  33%|███▎      | 55475/170300 [01:14<02:06, 909.68 examples/s]Map:  33%|███▎      | 55567/170300 [01:14<02:05, 911.07 examples/s]Map:  33%|███▎      | 55671/170300 [01:14<02:01, 944.33 examples/s]Map:  33%|███▎      | 55802/170300 [01:14<02:05, 915.04 examples/s]Map:  33%|███▎      | 55897/170300 [01:14<02:04, 922.46 examples/s]Map:  33%|███▎      | 56005/170300 [01:15<02:15, 846.60 examples/s]Map:  33%|███▎      | 56101/170300 [01:15<02:10, 872.47 examples/s]Map:  33%|███▎      | 56199/170300 [01:15<02:06, 898.50 examples/s]Map:  33%|███▎      | 56292/170300 [01:15<02:06, 904.00 examples/s]Map:  33%|███▎      | 56426/170300 [01:15<02:07, 893.93 examples/s]Map:  33%|███▎      | 56521/170300 [01:15<02:05, 907.44 examples/s]Map:  33%|███▎      | 56621/170300 [01:15<02:02, 928.13 examples/s]Map:  33%|███▎      | 56759/170300 [01:15<02:03, 921.31 examples/s]Map:  33%|███▎      | 56882/170300 [01:15<02:10, 872.06 examples/s]Map:  33%|███▎      | 56998/170300 [01:16<02:15, 834.98 examples/s]Map:  34%|███▎      | 57107/170300 [01:16<02:22, 796.95 examples/s]Map:  34%|███▎      | 57200/170300 [01:16<02:16, 826.32 examples/s]Map:  34%|███▎      | 57292/170300 [01:16<02:13, 846.25 examples/s]Map:  34%|███▎      | 57389/170300 [01:16<02:09, 875.06 examples/s]Map:  34%|███▍      | 57483/170300 [01:16<02:06, 890.60 examples/s]Map:  34%|███▍      | 57584/170300 [01:16<02:02, 922.52 examples/s]Map:  34%|███▍      | 57724/170300 [01:16<02:01, 922.89 examples/s]Map:  34%|███▍      | 57826/170300 [01:17<01:59, 945.04 examples/s]Map:  34%|███▍      | 57964/170300 [01:17<02:00, 929.84 examples/s]Map:  34%|███▍      | 58087/170300 [01:17<02:12, 849.80 examples/s]Map:  34%|███▍      | 58179/170300 [01:17<02:10, 859.05 examples/s]Map:  34%|███▍      | 58278/170300 [01:17<02:05, 891.43 examples/s]Map:  34%|███▍      | 58373/170300 [01:17<02:03, 903.07 examples/s]Map:  34%|███▍      | 58472/170300 [01:17<02:00, 925.31 examples/s]Map:  34%|███▍      | 58605/170300 [01:17<02:03, 905.62 examples/s]Map:  34%|███▍      | 58697/170300 [01:18<02:03, 902.81 examples/s]Map:  35%|███▍      | 58791/170300 [01:18<02:02, 909.76 examples/s]Map:  35%|███▍      | 58889/170300 [01:18<02:00, 926.78 examples/s]Map:  35%|███▍      | 59000/170300 [01:18<02:15, 821.94 examples/s]Map:  35%|███▍      | 59087/170300 [01:18<02:13, 831.16 examples/s]Map:  35%|███▍      | 59180/170300 [01:18<02:10, 854.52 examples/s]Map:  35%|███▍      | 59277/170300 [01:18<02:05, 884.56 examples/s]Map:  35%|███▍      | 59371/170300 [01:18<02:03, 897.31 examples/s]Map:  35%|███▍      | 59494/170300 [01:18<02:10, 851.56 examples/s]Map:  35%|███▍      | 59587/170300 [01:19<02:07, 867.44 examples/s]Map:  35%|███▌      | 59677/170300 [01:19<02:06, 873.63 examples/s]Map:  35%|███▌      | 59776/170300 [01:19<02:02, 901.56 examples/s]Map:  35%|███▌      | 59870/170300 [01:19<02:01, 910.89 examples/s]Map:  35%|███▌      | 59964/170300 [01:19<02:00, 914.90 examples/s]Map:  35%|███▌      | 60102/170300 [01:19<02:08, 858.64 examples/s]Map:  35%|███▌      | 60197/170300 [01:19<02:05, 878.90 examples/s]Map:  35%|███▌      | 60332/170300 [01:19<02:04, 882.43 examples/s]Map:  35%|███▌      | 60425/170300 [01:20<02:03, 892.05 examples/s]Map:  36%|███▌      | 60516/170300 [01:20<02:03, 892.28 examples/s]Map:  36%|███▌      | 60646/170300 [01:20<02:05, 876.61 examples/s]Map:  36%|███▌      | 60777/170300 [01:20<02:05, 871.83 examples/s]Map:  36%|███▌      | 60905/170300 [01:20<02:06, 863.21 examples/s]Map:  36%|███▌      | 61000/170300 [01:20<02:13, 817.54 examples/s]Map:  36%|███▌      | 61095/170300 [01:20<02:09, 844.89 examples/s]Map:  36%|███▌      | 61220/170300 [01:20<02:10, 834.21 examples/s]Map:  36%|███▌      | 61315/170300 [01:21<02:06, 859.87 examples/s]Map:  36%|███▌      | 61411/170300 [01:21<02:04, 877.14 examples/s]Map:  36%|███▌      | 61514/170300 [01:21<01:58, 914.76 examples/s]Map:  36%|███▌      | 61653/170300 [01:21<01:59, 912.38 examples/s]Map:  36%|███▋      | 61754/170300 [01:21<01:55, 935.77 examples/s]Map:  36%|███▋      | 61900/170300 [01:21<01:55, 940.86 examples/s]Map:  36%|███▋      | 62002/170300 [01:21<02:08, 842.40 examples/s]Map:  36%|███▋      | 62094/170300 [01:21<02:06, 858.45 examples/s]Map:  37%|███▋      | 62188/170300 [01:22<02:03, 875.50 examples/s]Map:  37%|███▋      | 62280/170300 [01:22<02:01, 886.93 examples/s]Map:  37%|███▋      | 62420/170300 [01:22<02:02, 881.13 examples/s]Map:  37%|███▋      | 62513/170300 [01:22<02:01, 889.11 examples/s]Map:  37%|███▋      | 62606/170300 [01:22<02:00, 896.38 examples/s]Map:  37%|███▋      | 62738/170300 [01:22<02:01, 886.95 examples/s]Map:  37%|███▋      | 62869/170300 [01:22<02:03, 871.52 examples/s]Map:  37%|███▋      | 62958/170300 [01:22<02:02, 874.46 examples/s]Map:  37%|███▋      | 63047/170300 [01:23<02:11, 817.43 examples/s]Map:  37%|███▋      | 63142/170300 [01:23<02:06, 848.45 examples/s]Map:  37%|███▋      | 63235/170300 [01:23<02:03, 867.52 examples/s]Map:  37%|███▋      | 63332/170300 [01:23<01:59, 893.29 examples/s]Map:  37%|███▋      | 63426/170300 [01:23<01:58, 904.45 examples/s]Map:  37%|███▋      | 63564/170300 [01:23<01:57, 907.40 examples/s]Map:  37%|███▋      | 63656/170300 [01:23<01:57, 904.89 examples/s]Map:  37%|███▋      | 63787/170300 [01:23<01:59, 890.82 examples/s]Map:  38%|███▊      | 63882/170300 [01:23<01:58, 900.24 examples/s]Map:  38%|███▊      | 63975/170300 [01:24<01:57, 906.89 examples/s]Map:  38%|███▊      | 64094/170300 [01:24<02:08, 827.02 examples/s]Map:  38%|███▊      | 64187/170300 [01:24<02:04, 849.19 examples/s]Map:  38%|███▊      | 64275/170300 [01:24<02:03, 856.34 examples/s]Map:  38%|███▊      | 64369/170300 [01:24<02:00, 876.18 examples/s]Map:  38%|███▊      | 64460/170300 [01:24<02:00, 881.99 examples/s]Map:  38%|███▊      | 64551/170300 [01:24<01:59, 886.92 examples/s]Map:  38%|███▊      | 64645/170300 [01:24<01:57, 897.01 examples/s]Map:  38%|███▊      | 64774/170300 [01:24<02:00, 878.65 examples/s]Map:  38%|███▊      | 64863/170300 [01:25<02:00, 876.72 examples/s]Map:  38%|███▊      | 64958/170300 [01:25<01:57, 894.73 examples/s]Map:  38%|███▊      | 65094/170300 [01:25<02:06, 832.20 examples/s]Map:  38%|███▊      | 65182/170300 [01:25<02:05, 838.79 examples/s]Map:  38%|███▊      | 65285/170300 [01:25<01:58, 883.39 examples/s]Map:  38%|███▊      | 65379/170300 [01:25<01:56, 896.91 examples/s]Map:  38%|███▊      | 65481/170300 [01:25<01:52, 927.91 examples/s]Map:  39%|███▊      | 65619/170300 [01:25<01:54, 918.23 examples/s]Map:  39%|███▊      | 65718/170300 [01:26<01:52, 931.95 examples/s]Map:  39%|███▊      | 65846/170300 [01:26<01:56, 896.83 examples/s]Map:  39%|███▊      | 65978/170300 [01:26<01:58, 884.08 examples/s]Map:  39%|███▉      | 66101/170300 [01:26<02:04, 838.34 examples/s]Map:  39%|███▉      | 66197/170300 [01:26<02:00, 864.25 examples/s]Map:  39%|███▉      | 66289/170300 [01:26<01:58, 875.61 examples/s]Map:  39%|███▉      | 66379/170300 [01:26<01:58, 879.92 examples/s]Map:  39%|███▉      | 66479/170300 [01:26<01:54, 910.23 examples/s]Map:  39%|███▉      | 66624/170300 [01:27<01:52, 925.26 examples/s]Map:  39%|███▉      | 66720/170300 [01:27<01:50, 933.66 examples/s]Map:  39%|███▉      | 66815/170300 [01:27<01:50, 936.41 examples/s]Map:  39%|███▉      | 66949/170300 [01:27<01:53, 913.82 examples/s]Map:  39%|███▉      | 67043/170300 [01:27<02:06, 814.85 examples/s]Map:  39%|███▉      | 67139/170300 [01:27<02:01, 846.15 examples/s]Map:  39%|███▉      | 67239/170300 [01:27<01:56, 883.31 examples/s]Map:  40%|███▉      | 67330/170300 [01:27<01:56, 885.95 examples/s]Map:  40%|███▉      | 67428/170300 [01:27<01:53, 909.22 examples/s]Map:  40%|███▉      | 67565/170300 [01:28<01:53, 907.25 examples/s]Map:  40%|███▉      | 67700/170300 [01:28<01:53, 902.41 examples/s]Map:  40%|███▉      | 67799/170300 [01:28<01:51, 920.60 examples/s]Map:  40%|███▉      | 67940/170300 [01:28<01:51, 920.43 examples/s]Map:  40%|███▉      | 68045/170300 [01:28<02:01, 844.37 examples/s]Map:  40%|████      | 68140/170300 [01:28<01:57, 867.43 examples/s]Map:  40%|████      | 68230/170300 [01:28<01:56, 874.01 examples/s]Map:  40%|████      | 68321/170300 [01:28<01:56, 877.82 examples/s]Map:  40%|████      | 68415/170300 [01:29<01:54, 892.63 examples/s]Map:  40%|████      | 68552/170300 [01:29<01:53, 899.67 examples/s]Map:  40%|████      | 68644/170300 [01:29<01:52, 901.81 examples/s]Map:  40%|████      | 68775/170300 [01:29<01:54, 888.32 examples/s]Map:  40%|████      | 68874/170300 [01:29<01:51, 909.07 examples/s]Map:  41%|████      | 69000/170300 [01:29<02:02, 828.68 examples/s]Map:  41%|████      | 69090/170300 [01:29<01:59, 843.74 examples/s]Map:  41%|████      | 69194/170300 [01:29<01:53, 890.29 examples/s]Map:  41%|████      | 69296/170300 [01:30<01:49, 921.27 examples/s]Map:  41%|████      | 69437/170300 [01:30<01:49, 923.90 examples/s]Map:  41%|████      | 69572/170300 [01:30<01:50, 912.98 examples/s]Map:  41%|████      | 69667/170300 [01:30<01:49, 921.18 examples/s]Map:  41%|████      | 69803/170300 [01:30<01:50, 909.14 examples/s]Map:  41%|████      | 69899/170300 [01:30<01:49, 915.48 examples/s]Map:  41%|████      | 69993/170300 [01:30<01:48, 920.28 examples/s]Map:  41%|████      | 70102/170300 [01:30<01:58, 846.57 examples/s]Map:  41%|████      | 70199/170300 [01:31<01:54, 876.29 examples/s]Map:  41%|████▏     | 70297/170300 [01:31<01:51, 898.60 examples/s]Map:  41%|████▏     | 70435/170300 [01:31<01:50, 902.65 examples/s]Map:  41%|████▏     | 70531/170300 [01:31<01:49, 914.48 examples/s]Map:  41%|████▏     | 70669/170300 [01:31<01:49, 907.77 examples/s]Map:  42%|████▏     | 70790/170300 [01:31<01:54, 872.70 examples/s]Map:  42%|████▏     | 70885/170300 [01:31<01:52, 887.40 examples/s]Map:  42%|████▏     | 71000/170300 [01:32<02:01, 814.44 examples/s]Map:  42%|████▏     | 71086/170300 [01:32<02:00, 823.49 examples/s]Map:  42%|████▏     | 71175/170300 [01:32<01:58, 837.23 examples/s]Map:  42%|████▏     | 71268/170300 [01:32<01:55, 860.70 examples/s]Map:  42%|████▏     | 71364/170300 [01:32<01:51, 884.66 examples/s]Map:  42%|████▏     | 71457/170300 [01:32<01:50, 895.87 examples/s]Map:  42%|████▏     | 71555/170300 [01:32<01:47, 917.85 examples/s]Map:  42%|████▏     | 71648/170300 [01:32<01:47, 920.16 examples/s]Map:  42%|████▏     | 71779/170300 [01:32<01:49, 897.81 examples/s]Map:  42%|████▏     | 71875/170300 [01:32<01:47, 912.79 examples/s]Map:  42%|████▏     | 71971/170300 [01:33<01:46, 920.61 examples/s]Map:  42%|████▏     | 72091/170300 [01:33<01:56, 844.42 examples/s]Map:  42%|████▏     | 72182/170300 [01:33<01:54, 860.39 examples/s]Map:  42%|████▏     | 72273/170300 [01:33<01:52, 871.30 examples/s]Map:  42%|████▏     | 72367/170300 [01:33<01:50, 889.76 examples/s]Map:  43%|████▎     | 72466/170300 [01:33<01:46, 914.87 examples/s]Map:  43%|████▎     | 72566/170300 [01:33<01:44, 936.73 examples/s]Map:  43%|████▎     | 72699/170300 [01:33<01:46, 915.67 examples/s]Map:  43%|████▎     | 72839/170300 [01:34<01:46, 918.49 examples/s]Map:  43%|████▎     | 72972/170300 [01:34<01:48, 899.30 examples/s]Map:  43%|████▎     | 73094/170300 [01:34<01:57, 827.39 examples/s]Map:  43%|████▎     | 73194/170300 [01:34<02:24, 669.76 examples/s]Map:  43%|████▎     | 73277/170300 [01:34<02:18, 699.76 examples/s]Map:  43%|████▎     | 73377/170300 [01:34<02:07, 760.99 examples/s]Map:  43%|████▎     | 73471/170300 [01:34<02:01, 798.30 examples/s]Map:  43%|████▎     | 73562/170300 [01:35<01:57, 824.65 examples/s]Map:  43%|████▎     | 73657/170300 [01:35<01:52, 856.44 examples/s]Map:  43%|████▎     | 73751/170300 [01:35<01:50, 876.50 examples/s]Map:  43%|████▎     | 73844/170300 [01:35<01:48, 889.30 examples/s]Map:  43%|████▎     | 73973/170300 [01:35<01:49, 875.94 examples/s]Map:  44%|████▎     | 74093/170300 [01:35<01:57, 816.27 examples/s]Map:  44%|████▎     | 74184/170300 [01:35<01:54, 837.24 examples/s]Map:  44%|████▎     | 74282/170300 [01:35<01:50, 870.02 examples/s]Map:  44%|████▎     | 74378/170300 [01:35<01:47, 890.80 examples/s]Map:  44%|████▎     | 74469/170300 [01:36<01:47, 893.94 examples/s]Map:  44%|████▍     | 74563/170300 [01:36<01:46, 902.30 examples/s]Map:  44%|████▍     | 74657/170300 [01:36<01:45, 907.58 examples/s]Map:  44%|████▍     | 74755/170300 [01:36<01:43, 927.47 examples/s]Map:  44%|████▍     | 74888/170300 [01:36<01:45, 904.35 examples/s]Map:  44%|████▍     | 74985/170300 [01:36<01:43, 918.90 examples/s]Map:  44%|████▍     | 75096/170300 [01:36<01:52, 843.59 examples/s]Map:  44%|████▍     | 75187/170300 [01:36<01:50, 859.54 examples/s]Map:  44%|████▍     | 75282/170300 [01:36<01:47, 880.53 examples/s]Map:  44%|████▍     | 75414/170300 [01:37<01:48, 873.75 examples/s]Map:  44%|████▍     | 75512/170300 [01:37<01:45, 898.75 examples/s]Map:  44%|████▍     | 75613/170300 [01:37<01:42, 927.15 examples/s]Map:  44%|████▍     | 75742/170300 [01:37<01:45, 896.02 examples/s]Map:  45%|████▍     | 75835/170300 [01:37<01:44, 900.37 examples/s]Map:  45%|████▍     | 75928/170300 [01:37<01:44, 906.26 examples/s]Map:  45%|████▍     | 76052/170300 [01:37<01:50, 856.76 examples/s]Map:  45%|████▍     | 76141/170300 [01:37<01:49, 862.06 examples/s]Map:  45%|████▍     | 76274/170300 [01:38<01:48, 867.30 examples/s]Map:  45%|████▍     | 76376/170300 [01:38<01:44, 895.52 examples/s]Map:  45%|████▍     | 76511/170300 [01:38<01:44, 893.40 examples/s]Map:  45%|████▍     | 76606/170300 [01:38<01:43, 905.29 examples/s]Map:  45%|████▌     | 76709/170300 [01:38<01:39, 936.27 examples/s]Map:  45%|████▌     | 76847/170300 [01:38<01:40, 928.37 examples/s]Map:  45%|████▌     | 76949/170300 [01:38<01:38, 948.34 examples/s]Map:  45%|████▌     | 77052/170300 [01:38<01:49, 854.19 examples/s]Map:  45%|████▌     | 77144/170300 [01:39<01:47, 866.84 examples/s]Map:  45%|████▌     | 77238/170300 [01:39<01:45, 882.25 examples/s]Map:  45%|████▌     | 77336/170300 [01:39<01:42, 903.72 examples/s]Map:  45%|████▌     | 77476/170300 [01:39<01:41, 910.67 examples/s]Map:  46%|████▌     | 77568/170300 [01:39<01:42, 908.37 examples/s]Map:  46%|████▌     | 77666/170300 [01:39<01:40, 925.81 examples/s]Map:  46%|████▌     | 77768/170300 [01:39<01:37, 948.92 examples/s]Map:  46%|████▌     | 77901/170300 [01:39<01:40, 920.59 examples/s]Map:  46%|████▌     | 78000/170300 [01:39<01:51, 828.83 examples/s]Map:  46%|████▌     | 78092/170300 [01:40<01:48, 846.56 examples/s]Map:  46%|████▌     | 78182/170300 [01:40<01:47, 855.65 examples/s]Map:  46%|████▌     | 78274/170300 [01:40<01:45, 870.10 examples/s]Map:  46%|████▌     | 78371/170300 [01:40<01:42, 896.49 examples/s]Map:  46%|████▌     | 78470/170300 [01:40<01:40, 916.17 examples/s]Map:  46%|████▌     | 78608/170300 [01:40<01:40, 910.90 examples/s]Map:  46%|████▌     | 78708/170300 [01:40<01:38, 931.00 examples/s]Map:  46%|████▋     | 78847/170300 [01:40<01:38, 925.57 examples/s]Map:  46%|████▋     | 78983/170300 [01:41<01:40, 912.79 examples/s]Map:  46%|████▋     | 79091/170300 [01:41<01:50, 826.81 examples/s]Map:  46%|████▋     | 79189/170300 [01:41<01:45, 860.61 examples/s]Map:  47%|████▋     | 79289/170300 [01:41<01:41, 893.18 examples/s]Map:  47%|████▋     | 79382/170300 [01:41<01:40, 901.13 examples/s]Map:  47%|████▋     | 79481/170300 [01:41<01:38, 922.06 examples/s]Map:  47%|████▋     | 79609/170300 [01:41<01:41, 894.48 examples/s]Map:  47%|████▋     | 79704/170300 [01:41<01:39, 907.45 examples/s]Map:  47%|████▋     | 79844/170300 [01:42<01:38, 914.08 examples/s]Map:  47%|████▋     | 79937/170300 [01:42<01:38, 915.90 examples/s]Map:  47%|████▋     | 80045/170300 [01:42<01:49, 822.44 examples/s]Map:  47%|████▋     | 80138/170300 [01:42<01:46, 844.27 examples/s]Map:  47%|████▋     | 80234/170300 [01:42<01:43, 873.27 examples/s]Map:  47%|████▋     | 80324/170300 [01:42<01:42, 876.50 examples/s]Map:  47%|████▋     | 80416/170300 [01:42<01:41, 884.66 examples/s]Map:  47%|████▋     | 80551/170300 [01:42<01:41, 886.24 examples/s]Map:  47%|████▋     | 80645/170300 [01:42<01:39, 898.16 examples/s]Map:  47%|████▋     | 80737/170300 [01:43<01:39, 899.22 examples/s]Map:  47%|████▋     | 80836/170300 [01:43<01:36, 923.80 examples/s]Map:  48%|████▊     | 80972/170300 [01:43<01:37, 911.61 examples/s]Map:  48%|████▊     | 81096/170300 [01:43<01:44, 854.35 examples/s]Map:  48%|████▊     | 81185/170300 [01:43<01:43, 859.82 examples/s]Map:  48%|████▊     | 81284/170300 [01:43<01:39, 890.57 examples/s]Map:  48%|████▊     | 81383/170300 [01:43<01:37, 914.70 examples/s]Map:  48%|████▊     | 81482/170300 [01:43<01:35, 933.19 examples/s]Map:  48%|████▊     | 81579/170300 [01:43<01:34, 942.03 examples/s]Map:  48%|████▊     | 81725/170300 [01:44<01:33, 946.04 examples/s]Map:  48%|████▊     | 81823/170300 [01:44<01:33, 950.90 examples/s]Map:  48%|████▊     | 81963/170300 [01:44<01:33, 942.91 examples/s]Map:  48%|████▊     | 82084/170300 [01:44<01:44, 847.94 examples/s]Map:  48%|████▊     | 82179/170300 [01:44<01:41, 867.92 examples/s]Map:  48%|████▊     | 82275/170300 [01:44<01:39, 886.39 examples/s]Map:  48%|████▊     | 82372/170300 [01:44<01:37, 904.77 examples/s]Map:  48%|████▊     | 82470/170300 [01:44<01:35, 922.25 examples/s]Map:  49%|████▊     | 82610/170300 [01:45<01:34, 924.11 examples/s]Map:  49%|████▊     | 82745/170300 [01:45<01:35, 912.48 examples/s]Map:  49%|████▊     | 82838/170300 [01:45<01:35, 914.84 examples/s]Map:  49%|████▊     | 82975/170300 [01:45<01:36, 909.54 examples/s]Map:  49%|████▉     | 83091/170300 [01:45<01:44, 833.41 examples/s]Map:  49%|████▉     | 83180/170300 [01:45<01:45, 827.50 examples/s]Map:  49%|████▉     | 83277/170300 [01:45<01:41, 859.83 examples/s]Map:  49%|████▉     | 83372/170300 [01:46<01:38, 879.64 examples/s]Map:  49%|████▉     | 83467/170300 [01:46<01:37, 894.82 examples/s]Map:  49%|████▉     | 83561/170300 [01:46<01:35, 906.84 examples/s]Map:  49%|████▉     | 83695/170300 [01:46<01:36, 897.97 examples/s]Map:  49%|████▉     | 83788/170300 [01:46<01:35, 903.80 examples/s]Map:  49%|████▉     | 83889/170300 [01:46<01:32, 931.30 examples/s]Map:  49%|████▉     | 84000/170300 [01:46<01:41, 848.10 examples/s]Map:  49%|████▉     | 84090/170300 [01:46<01:40, 858.90 examples/s]Map:  49%|████▉     | 84187/170300 [01:46<01:36, 888.03 examples/s]Map:  49%|████▉     | 84283/170300 [01:47<01:34, 906.94 examples/s]Map:  50%|████▉     | 84415/170300 [01:47<01:36, 886.68 examples/s]Map:  50%|████▉     | 84548/170300 [01:47<01:37, 883.65 examples/s]Map:  50%|████▉     | 84639/170300 [01:47<01:36, 889.44 examples/s]Map:  50%|████▉     | 84770/170300 [01:47<01:37, 879.38 examples/s]Map:  50%|████▉     | 84866/170300 [01:47<01:35, 896.25 examples/s]Map:  50%|████▉     | 85000/170300 [01:47<01:43, 820.24 examples/s]Map:  50%|████▉     | 85098/170300 [01:47<01:39, 855.68 examples/s]Map:  50%|█████     | 85191/170300 [01:48<01:37, 872.45 examples/s]Map:  50%|█████     | 85283/170300 [01:48<01:36, 883.18 examples/s]Map:  50%|█████     | 85383/170300 [01:48<01:33, 912.72 examples/s]Map:  50%|█████     | 85479/170300 [01:48<01:31, 924.07 examples/s]Map:  50%|█████     | 85576/170300 [01:48<01:30, 934.15 examples/s]Map:  50%|█████     | 85711/170300 [01:48<01:32, 916.50 examples/s]Map:  50%|█████     | 85845/170300 [01:48<01:33, 902.87 examples/s]Map:  50%|█████     | 85938/170300 [01:48<01:32, 908.99 examples/s]Map:  51%|█████     | 86046/170300 [01:49<01:41, 828.49 examples/s]Map:  51%|█████     | 86142/170300 [01:49<01:38, 854.85 examples/s]Map:  51%|█████     | 86235/170300 [01:49<01:36, 871.99 examples/s]Map:  51%|█████     | 86335/170300 [01:49<01:33, 899.31 examples/s]Map:  51%|█████     | 86470/170300 [01:49<01:33, 892.09 examples/s]Map:  51%|█████     | 86563/170300 [01:49<01:32, 900.48 examples/s]Map:  51%|█████     | 86657/170300 [01:49<01:32, 906.18 examples/s]Map:  51%|█████     | 86755/170300 [01:49<01:30, 922.95 examples/s]Map:  51%|█████     | 86849/170300 [01:49<01:30, 920.55 examples/s]Map:  51%|█████     | 86996/170300 [01:50<01:28, 938.75 examples/s]Map:  51%|█████     | 87091/170300 [01:50<01:40, 827.38 examples/s]Map:  51%|█████     | 87220/170300 [01:50<01:39, 833.43 examples/s]Map:  51%|█████▏    | 87309/170300 [01:50<01:38, 845.41 examples/s]Map:  51%|█████▏    | 87400/170300 [01:50<01:36, 859.98 examples/s]Map:  51%|█████▏    | 87500/170300 [01:50<01:32, 893.14 examples/s]Map:  51%|█████▏    | 87634/170300 [01:50<01:33, 886.80 examples/s]Map:  52%|█████▏    | 87725/170300 [01:50<01:32, 890.53 examples/s]Map:  52%|█████▏    | 87817/170300 [01:51<01:32, 893.58 examples/s]Map:  52%|█████▏    | 87907/170300 [01:51<01:32, 889.83 examples/s]Map:  52%|█████▏    | 87999/170300 [01:51<01:31, 896.34 examples/s]Map:  52%|█████▏    | 88103/170300 [01:51<01:40, 817.56 examples/s]Map:  52%|█████▏    | 88195/170300 [01:51<01:37, 841.44 examples/s]Map:  52%|█████▏    | 88286/170300 [01:51<01:35, 857.26 examples/s]Map:  52%|█████▏    | 88378/170300 [01:51<01:34, 866.93 examples/s]Map:  52%|█████▏    | 88468/170300 [01:51<01:33, 872.66 examples/s]Map:  52%|█████▏    | 88561/170300 [01:51<01:32, 886.28 examples/s]Map:  52%|█████▏    | 88651/170300 [01:51<01:31, 888.13 examples/s]Map:  52%|█████▏    | 88747/170300 [01:52<01:30, 903.56 examples/s]Map:  52%|█████▏    | 88839/170300 [01:52<01:29, 906.11 examples/s]Map:  52%|█████▏    | 88933/170300 [01:52<01:28, 914.55 examples/s]Map:  52%|█████▏    | 89047/170300 [01:52<01:37, 835.16 examples/s]Map:  52%|█████▏    | 89144/170300 [01:52<01:33, 867.28 examples/s]Map:  52%|█████▏    | 89238/170300 [01:52<01:31, 886.70 examples/s]Map:  52%|█████▏    | 89339/170300 [01:52<01:28, 915.42 examples/s]Map:  53%|█████▎    | 89476/170300 [01:52<01:28, 913.11 examples/s]Map:  53%|█████▎    | 89572/170300 [01:53<01:27, 919.18 examples/s]Map:  53%|█████▎    | 89669/170300 [01:53<01:26, 931.15 examples/s]Map:  53%|█████▎    | 89766/170300 [01:53<01:25, 941.65 examples/s]Map:  53%|█████▎    | 89861/170300 [01:53<01:25, 942.45 examples/s]Map:  53%|█████▎    | 89958/170300 [01:53<01:24, 949.06 examples/s]Map:  53%|█████▎    | 90094/170300 [01:53<01:32, 867.74 examples/s]Map:  53%|█████▎    | 90185/170300 [01:53<01:31, 873.88 examples/s]Map:  53%|█████▎    | 90278/170300 [01:53<01:30, 886.88 examples/s]Map:  53%|█████▎    | 90369/170300 [01:53<01:29, 891.37 examples/s]Map:  53%|█████▎    | 90501/170300 [01:54<01:30, 883.01 examples/s]Map:  53%|█████▎    | 90596/170300 [01:54<01:28, 897.54 examples/s]Map:  53%|█████▎    | 90690/170300 [01:54<01:27, 907.17 examples/s]Map:  53%|█████▎    | 90787/170300 [01:54<01:26, 922.72 examples/s]Map:  53%|█████▎    | 90885/170300 [01:54<01:24, 938.24 examples/s]Map:  53%|█████▎    | 90985/170300 [01:54<01:23, 955.05 examples/s]Map:  53%|█████▎    | 91091/170300 [01:54<01:33, 848.05 examples/s]Map:  54%|█████▎    | 91179/170300 [01:54<01:32, 855.45 examples/s]Map:  54%|█████▎    | 91279/170300 [01:54<01:28, 892.56 examples/s]Map:  54%|█████▎    | 91417/170300 [01:55<01:27, 898.46 examples/s]Map:  54%|█████▍    | 91549/170300 [01:55<01:28, 886.00 examples/s]Map:  54%|█████▍    | 91643/170300 [01:55<01:27, 897.41 examples/s]Map:  54%|█████▍    | 91735/170300 [01:55<01:27, 900.74 examples/s]Map:  54%|█████▍    | 91875/170300 [01:55<01:26, 904.58 examples/s]Map:  54%|█████▍    | 91971/170300 [01:55<01:25, 916.57 examples/s]Map:  54%|█████▍    | 92100/170300 [01:55<01:31, 857.83 examples/s]Map:  54%|█████▍    | 92194/170300 [01:55<01:29, 876.24 examples/s]Map:  54%|█████▍    | 92288/170300 [01:56<01:27, 889.49 examples/s]Map:  54%|█████▍    | 92384/170300 [01:56<01:25, 906.54 examples/s]Map:  54%|█████▍    | 92524/170300 [01:56<01:25, 909.70 examples/s]Map:  54%|█████▍    | 92617/170300 [01:56<01:25, 911.78 examples/s]Map:  54%|█████▍    | 92710/170300 [01:56<01:24, 913.79 examples/s]Map:  55%|█████▍    | 92852/170300 [01:56<01:23, 923.22 examples/s]Map:  55%|█████▍    | 92947/170300 [01:56<01:23, 925.76 examples/s]Map:  55%|█████▍    | 93055/170300 [01:56<01:31, 846.78 examples/s]Map:  55%|█████▍    | 93147/170300 [01:56<01:29, 861.15 examples/s]Map:  55%|█████▍    | 93237/170300 [01:57<01:29, 864.97 examples/s]Map:  55%|█████▍    | 93336/170300 [01:57<01:25, 896.59 examples/s]Map:  55%|█████▍    | 93437/170300 [01:57<01:22, 926.61 examples/s]Map:  55%|█████▍    | 93573/170300 [01:57<01:23, 916.60 examples/s]Map:  55%|█████▌    | 93667/170300 [01:57<01:23, 921.79 examples/s]Map:  55%|█████▌    | 93807/170300 [01:57<01:23, 919.19 examples/s]Map:  55%|█████▌    | 93902/170300 [01:57<01:22, 925.16 examples/s]Map:  55%|█████▌    | 94003/170300 [01:57<01:31, 831.84 examples/s]Map:  55%|█████▌    | 94089/170300 [01:58<01:31, 833.41 examples/s]Map:  55%|█████▌    | 94180/170300 [01:58<01:29, 850.90 examples/s]Map:  55%|█████▌    | 94271/170300 [01:58<01:27, 865.64 examples/s]Map:  55%|█████▌    | 94365/170300 [01:58<01:26, 882.85 examples/s]Map:  55%|█████▌    | 94458/170300 [01:58<01:25, 890.83 examples/s]Map:  56%|█████▌    | 94549/170300 [01:58<01:25, 890.91 examples/s]Map:  56%|█████▌    | 94648/170300 [01:58<01:22, 913.72 examples/s]Map:  56%|█████▌    | 94781/170300 [01:58<01:24, 897.30 examples/s]Map:  56%|█████▌    | 94874/170300 [01:58<01:23, 905.79 examples/s]Map:  56%|█████▌    | 95000/170300 [01:59<01:32, 817.06 examples/s]Map:  56%|█████▌    | 95093/170300 [01:59<01:29, 843.13 examples/s]Map:  56%|█████▌    | 95186/170300 [01:59<01:27, 861.90 examples/s]Map:  56%|█████▌    | 95279/170300 [01:59<01:25, 879.38 examples/s]Map:  56%|█████▌    | 95374/170300 [01:59<01:23, 897.62 examples/s]Map:  56%|█████▌    | 95474/170300 [01:59<01:20, 924.41 examples/s]Map:  56%|█████▌    | 95574/170300 [01:59<01:19, 943.97 examples/s]Map:  56%|█████▌    | 95671/170300 [01:59<01:18, 950.16 examples/s]Map:  56%|█████▌    | 95771/170300 [01:59<01:17, 962.76 examples/s]Map:  56%|█████▋    | 95871/170300 [02:00<01:16, 971.48 examples/s]Map:  56%|█████▋    | 95971/170300 [02:00<01:16, 977.23 examples/s]Map:  56%|█████▋    | 96088/170300 [02:00<01:25, 869.51 examples/s]Map:  56%|█████▋    | 96187/170300 [02:00<01:22, 898.74 examples/s]Map:  57%|█████▋    | 96322/170300 [02:00<01:22, 896.26 examples/s]Map:  57%|█████▋    | 96463/170300 [02:00<01:21, 908.81 examples/s]Map:  57%|█████▋    | 96560/170300 [02:00<01:19, 921.89 examples/s]Map:  57%|█████▋    | 96662/170300 [02:00<01:18, 942.25 examples/s]Map:  57%|█████▋    | 96802/170300 [02:01<01:18, 937.33 examples/s]Map:  57%|█████▋    | 96938/170300 [02:01<01:19, 922.22 examples/s]Map:  57%|█████▋    | 97044/170300 [02:01<01:27, 838.74 examples/s]Map:  57%|█████▋    | 97136/170300 [02:01<01:25, 856.19 examples/s]Map:  57%|█████▋    | 97230/170300 [02:01<01:23, 875.46 examples/s]Map:  57%|█████▋    | 97320/170300 [02:01<01:23, 877.08 examples/s]Map:  57%|█████▋    | 97410/170300 [02:01<01:22, 879.13 examples/s]Map:  57%|█████▋    | 97501/170300 [02:01<01:22, 879.91 examples/s]Map:  57%|█████▋    | 97598/170300 [02:01<01:20, 903.74 examples/s]Map:  57%|█████▋    | 97735/170300 [02:02<01:20, 901.22 examples/s]Map:  57%|█████▋    | 97869/170300 [02:02<01:21, 891.80 examples/s]Map:  58%|█████▊    | 97965/170300 [02:02<01:19, 908.15 examples/s]Map:  58%|█████▊    | 98092/170300 [02:02<01:26, 835.47 examples/s]Map:  58%|█████▊    | 98188/170300 [02:02<01:23, 864.20 examples/s]Map:  58%|█████▊    | 98280/170300 [02:02<01:22, 876.84 examples/s]Map:  58%|█████▊    | 98413/170300 [02:02<01:21, 876.96 examples/s]Map:  58%|█████▊    | 98506/170300 [02:02<01:20, 888.62 examples/s]Map:  58%|█████▊    | 98607/170300 [02:03<01:17, 919.46 examples/s]Map:  58%|█████▊    | 98707/170300 [02:03<01:40, 711.10 examples/s]Map:  58%|█████▊    | 98803/170300 [02:03<01:33, 764.55 examples/s]Map:  58%|█████▊    | 98898/170300 [02:03<01:28, 805.39 examples/s]Map:  58%|█████▊    | 98997/170300 [02:03<01:24, 846.93 examples/s]Map:  58%|█████▊    | 99111/170300 [02:03<01:27, 814.75 examples/s]Map:  58%|█████▊    | 99203/170300 [02:03<01:24, 838.57 examples/s]Map:  58%|█████▊    | 99297/170300 [02:03<01:22, 859.67 examples/s]Map:  58%|█████▊    | 99428/170300 [02:04<01:22, 860.66 examples/s]Map:  58%|█████▊    | 99522/170300 [02:04<01:20, 877.85 examples/s]Map:  59%|█████▊    | 99662/170300 [02:04<01:19, 892.36 examples/s]Map:  59%|█████▊    | 99754/170300 [02:04<01:18, 896.41 examples/s]Map:  59%|█████▊    | 99890/170300 [02:04<01:18, 895.04 examples/s]Map:  59%|█████▊    | 99982/170300 [02:04<01:18, 899.67 examples/s]Map:  59%|█████▉    | 100088/170300 [02:04<01:26, 815.21 examples/s]Map:  59%|█████▉    | 100191/170300 [02:04<01:20, 865.60 examples/s]Map:  59%|█████▉    | 100316/170300 [02:05<01:21, 854.21 examples/s]Map:  59%|█████▉    | 100413/170300 [02:05<01:19, 881.70 examples/s]Map:  59%|█████▉    | 100549/170300 [02:05<01:18, 886.05 examples/s]Map:  59%|█████▉    | 100640/170300 [02:05<01:18, 889.11 examples/s]Map:  59%|█████▉    | 100737/170300 [02:05<01:16, 905.28 examples/s]Map:  59%|█████▉    | 100872/170300 [02:05<01:16, 901.74 examples/s]Map:  59%|█████▉    | 100966/170300 [02:05<01:16, 910.66 examples/s]Map:  59%|█████▉    | 101087/170300 [02:06<01:23, 828.78 examples/s]Map:  59%|█████▉    | 101223/170300 [02:06<01:21, 852.10 examples/s]Map:  59%|█████▉    | 101318/170300 [02:06<01:19, 871.15 examples/s]Map:  60%|█████▉    | 101420/170300 [02:06<01:15, 906.92 examples/s]Map:  60%|█████▉    | 101538/170300 [02:06<01:20, 856.70 examples/s]Map:  60%|█████▉    | 101626/170300 [02:06<01:20, 853.01 examples/s]Map:  60%|█████▉    | 101724/170300 [02:06<01:17, 883.85 examples/s]Map:  60%|█████▉    | 101822/170300 [02:06<01:15, 908.45 examples/s]Map:  60%|█████▉    | 101916/170300 [02:06<01:15, 909.94 examples/s]Map:  60%|█████▉    | 102051/170300 [02:07<01:20, 848.76 examples/s]Map:  60%|██████    | 102182/170300 [02:07<01:19, 851.77 examples/s]Map:  60%|██████    | 102282/170300 [02:07<01:16, 885.98 examples/s]Map:  60%|██████    | 102421/170300 [02:07<01:16, 892.94 examples/s]Map:  60%|██████    | 102515/170300 [02:07<01:15, 899.06 examples/s]Map:  60%|██████    | 102610/170300 [02:07<01:14, 907.48 examples/s]Map:  60%|██████    | 102744/170300 [02:07<01:15, 900.71 examples/s]Map:  60%|██████    | 102835/170300 [02:07<01:14, 901.20 examples/s]Map:  60%|██████    | 102926/170300 [02:08<01:14, 901.80 examples/s]Map:  61%|██████    | 103048/170300 [02:08<01:23, 807.78 examples/s]Map:  61%|██████    | 103145/170300 [02:08<01:19, 843.99 examples/s]Map:  61%|██████    | 103275/170300 [02:08<01:18, 849.57 examples/s]Map:  61%|██████    | 103364/170300 [02:08<01:18, 856.81 examples/s]Map:  61%|██████    | 103458/170300 [02:08<01:16, 876.62 examples/s]Map:  61%|██████    | 103550/170300 [02:08<01:15, 884.43 examples/s]Map:  61%|██████    | 103681/170300 [02:08<01:16, 876.08 examples/s]Map:  61%|██████    | 103778/170300 [02:09<01:14, 898.76 examples/s]Map:  61%|██████    | 103878/170300 [02:09<01:11, 924.33 examples/s]Map:  61%|██████    | 104000/170300 [02:09<01:18, 848.62 examples/s]Map:  61%|██████    | 104089/170300 [02:09<01:17, 856.89 examples/s]Map:  61%|██████    | 104179/170300 [02:09<01:16, 866.90 examples/s]Map:  61%|██████    | 104272/170300 [02:09<01:14, 881.78 examples/s]Map:  61%|██████▏   | 104411/170300 [02:09<01:13, 893.69 examples/s]Map:  61%|██████▏   | 104504/170300 [02:09<01:13, 898.40 examples/s]Map:  61%|██████▏   | 104596/170300 [02:09<01:12, 903.22 examples/s]Map:  61%|██████▏   | 104688/170300 [02:10<01:12, 901.18 examples/s]Map:  62%|██████▏   | 104824/170300 [02:10<01:12, 897.10 examples/s]Map:  62%|██████▏   | 104917/170300 [02:10<01:12, 902.62 examples/s]Map:  62%|██████▏   | 105050/170300 [02:10<01:18, 831.66 examples/s]Map:  62%|██████▏   | 105138/170300 [02:10<01:17, 842.01 examples/s]Map:  62%|██████▏   | 105227/170300 [02:10<01:16, 851.75 examples/s]Map:  62%|██████▏   | 105356/170300 [02:10<01:16, 853.16 examples/s]Map:  62%|██████▏   | 105449/170300 [02:10<01:14, 870.68 examples/s]Map:  62%|██████▏   | 105542/170300 [02:11<01:13, 884.20 examples/s]Map:  62%|██████▏   | 105679/170300 [02:11<01:12, 892.76 examples/s]Map:  62%|██████▏   | 105815/170300 [02:11<01:12, 893.56 examples/s]Map:  62%|██████▏   | 105906/170300 [02:11<01:11, 896.29 examples/s]Map:  62%|██████▏   | 106005/170300 [02:11<01:19, 810.75 examples/s]Map:  62%|██████▏   | 106098/170300 [02:11<01:16, 835.85 examples/s]Map:  62%|██████▏   | 106201/170300 [02:11<01:12, 883.72 examples/s]Map:  62%|██████▏   | 106296/170300 [02:11<01:11, 898.29 examples/s]Map:  62%|██████▏   | 106388/170300 [02:12<01:11, 897.61 examples/s]Map:  63%|██████▎   | 106521/170300 [02:12<01:11, 889.87 examples/s]Map:  63%|██████▎   | 106612/170300 [02:12<01:11, 887.88 examples/s]Map:  63%|██████▎   | 106707/170300 [02:12<01:10, 903.08 examples/s]Map:  63%|██████▎   | 106799/170300 [02:12<01:10, 904.39 examples/s]Map:  63%|██████▎   | 106943/170300 [02:12<01:08, 920.35 examples/s]Map:  63%|██████▎   | 107045/170300 [02:12<01:16, 831.21 examples/s]Map:  63%|██████▎   | 107131/170300 [02:12<01:15, 833.52 examples/s]Map:  63%|██████▎   | 107226/170300 [02:13<01:13, 861.65 examples/s]Map:  63%|██████▎   | 107323/170300 [02:13<01:10, 889.52 examples/s]Map:  63%|██████▎   | 107455/170300 [02:13<01:11, 885.00 examples/s]Map:  63%|██████▎   | 107588/170300 [02:13<01:11, 879.00 examples/s]Map:  63%|██████▎   | 107682/170300 [02:13<01:10, 891.73 examples/s]Map:  63%|██████▎   | 107777/170300 [02:13<01:09, 898.33 examples/s]Map:  63%|██████▎   | 107909/170300 [02:13<01:10, 889.62 examples/s]Map:  63%|██████▎   | 108011/170300 [02:13<01:16, 817.45 examples/s]Map:  63%|██████▎   | 108103/170300 [02:14<01:14, 840.50 examples/s]Map:  64%|██████▎   | 108196/170300 [02:14<01:12, 858.77 examples/s]Map:  64%|██████▎   | 108284/170300 [02:14<01:11, 864.04 examples/s]Map:  64%|██████▎   | 108375/170300 [02:14<01:11, 871.78 examples/s]Map:  64%|██████▎   | 108500/170300 [02:14<01:13, 843.21 examples/s]Map:  64%|██████▍   | 108591/170300 [02:14<01:11, 857.55 examples/s]Map:  64%|██████▍   | 108686/170300 [02:14<01:10, 875.95 examples/s]Map:  64%|██████▍   | 108789/170300 [02:14<01:07, 915.11 examples/s]Map:  64%|██████▍   | 108931/170300 [02:14<01:06, 923.79 examples/s]Map:  64%|██████▍   | 109047/170300 [02:15<01:11, 852.14 examples/s]Map:  64%|██████▍   | 109141/170300 [02:15<01:10, 872.51 examples/s]Map:  64%|██████▍   | 109239/170300 [02:15<01:08, 893.53 examples/s]Map:  64%|██████▍   | 109376/170300 [02:15<01:07, 899.12 examples/s]Map:  64%|██████▍   | 109474/170300 [02:15<01:06, 913.21 examples/s]Map:  64%|██████▍   | 109568/170300 [02:15<01:06, 913.72 examples/s]Map:  64%|██████▍   | 109703/170300 [02:15<01:07, 903.03 examples/s]Map:  64%|██████▍   | 109799/170300 [02:15<01:06, 908.89 examples/s]Map:  65%|██████▍   | 109892/170300 [02:16<01:06, 910.55 examples/s]Map:  65%|██████▍   | 110000/170300 [02:16<01:13, 820.16 examples/s]Map:  65%|██████▍   | 110094/170300 [02:16<01:11, 847.76 examples/s]Map:  65%|██████▍   | 110188/170300 [02:16<01:09, 865.38 examples/s]Map:  65%|██████▍   | 110281/170300 [02:16<01:08, 881.12 examples/s]Map:  65%|██████▍   | 110373/170300 [02:16<01:07, 887.50 examples/s]Map:  65%|██████▍   | 110507/170300 [02:16<01:07, 880.82 examples/s]Map:  65%|██████▍   | 110600/170300 [02:16<01:06, 891.21 examples/s]Map:  65%|██████▌   | 110736/170300 [02:16<01:06, 895.00 examples/s]Map:  65%|██████▌   | 110829/170300 [02:17<01:05, 902.97 examples/s]Map:  65%|██████▌   | 110920/170300 [02:17<01:05, 901.61 examples/s]Map:  65%|██████▌   | 111041/170300 [02:17<01:13, 810.99 examples/s]Map:  65%|██████▌   | 111168/170300 [02:17<01:12, 819.26 examples/s]Map:  65%|██████▌   | 111263/170300 [02:17<01:09, 849.11 examples/s]Map:  65%|██████▌   | 111352/170300 [02:17<01:09, 851.38 examples/s]Map:  65%|██████▌   | 111449/170300 [02:17<01:06, 878.63 examples/s]Map:  66%|██████▌   | 111551/170300 [02:17<01:04, 911.15 examples/s]Map:  66%|██████▌   | 111644/170300 [02:18<01:04, 914.04 examples/s]Map:  66%|██████▌   | 111741/170300 [02:18<01:03, 924.86 examples/s]Map:  66%|██████▌   | 111838/170300 [02:18<01:02, 934.05 examples/s]Map:  66%|██████▌   | 111980/170300 [02:18<01:02, 935.30 examples/s]Map:  66%|██████▌   | 112092/170300 [02:18<01:08, 855.09 examples/s]Map:  66%|██████▌   | 112187/170300 [02:18<01:06, 877.07 examples/s]Map:  66%|██████▌   | 112281/170300 [02:18<01:05, 891.15 examples/s]Map:  66%|██████▌   | 112416/170300 [02:18<01:05, 887.78 examples/s]Map:  66%|██████▌   | 112514/170300 [02:19<01:03, 908.85 examples/s]Map:  66%|██████▌   | 112645/170300 [02:19<01:04, 893.74 examples/s]Map:  66%|██████▌   | 112737/170300 [02:19<01:04, 898.22 examples/s]Map:  66%|██████▋   | 112831/170300 [02:19<01:03, 906.22 examples/s]Map:  66%|██████▋   | 112972/170300 [02:19<01:02, 916.25 examples/s]Map:  66%|██████▋   | 113093/170300 [02:19<01:08, 835.15 examples/s]Map:  66%|██████▋   | 113220/170300 [02:19<01:08, 833.18 examples/s]Map:  67%|██████▋   | 113310/170300 [02:19<01:07, 846.36 examples/s]Map:  67%|██████▋   | 113405/170300 [02:20<01:05, 868.74 examples/s]Map:  67%|██████▋   | 113495/170300 [02:20<01:05, 872.37 examples/s]Map:  67%|██████▋   | 113585/170300 [02:20<01:05, 872.34 examples/s]Map:  67%|██████▋   | 113678/170300 [02:20<01:04, 884.50 examples/s]Map:  67%|██████▋   | 113774/170300 [02:20<01:02, 897.43 examples/s]Map:  67%|██████▋   | 113869/170300 [02:20<01:02, 909.30 examples/s]Map:  67%|██████▋   | 113977/170300 [02:20<00:58, 957.12 examples/s]Map:  67%|██████▋   | 114094/170300 [02:20<01:04, 866.87 examples/s]Map:  67%|██████▋   | 114195/170300 [02:20<01:02, 901.10 examples/s]Map:  67%|██████▋   | 114296/170300 [02:21<01:00, 922.81 examples/s]Map:  67%|██████▋   | 114438/170300 [02:21<01:00, 929.60 examples/s]Map:  67%|██████▋   | 114579/170300 [02:21<00:59, 930.45 examples/s]Map:  67%|██████▋   | 114719/170300 [02:21<01:00, 924.89 examples/s]Map:  67%|██████▋   | 114815/170300 [02:21<00:59, 932.26 examples/s]Map:  67%|██████▋   | 114950/170300 [02:21<01:00, 915.23 examples/s]Map:  68%|██████▊   | 115051/170300 [02:21<01:06, 832.29 examples/s]Map:  68%|██████▊   | 115141/170300 [02:21<01:05, 847.05 examples/s]Map:  68%|██████▊   | 115235/170300 [02:22<01:03, 868.37 examples/s]Map:  68%|██████▊   | 115367/170300 [02:22<01:03, 870.39 examples/s]Map:  68%|██████▊   | 115461/170300 [02:22<01:02, 882.93 examples/s]Map:  68%|██████▊   | 115551/170300 [02:22<01:01, 884.79 examples/s]Map:  68%|██████▊   | 115642/170300 [02:22<01:01, 889.66 examples/s]Map:  68%|██████▊   | 115735/170300 [02:22<01:00, 898.05 examples/s]Map:  68%|██████▊   | 115831/170300 [02:22<00:59, 914.23 examples/s]Map:  68%|██████▊   | 115968/170300 [02:22<00:59, 909.64 examples/s]Map:  68%|██████▊   | 116086/170300 [02:23<01:05, 821.81 examples/s]Map:  68%|██████▊   | 116175/170300 [02:23<01:04, 833.92 examples/s]Map:  68%|██████▊   | 116272/170300 [02:23<01:02, 866.90 examples/s]Map:  68%|██████▊   | 116373/170300 [02:23<00:59, 903.56 examples/s]Map:  68%|██████▊   | 116513/170300 [02:23<00:59, 910.89 examples/s]Map:  68%|██████▊   | 116612/170300 [02:23<00:57, 929.01 examples/s]Map:  69%|██████▊   | 116707/170300 [02:23<00:57, 929.53 examples/s]Map:  69%|██████▊   | 116803/170300 [02:23<00:57, 933.51 examples/s]Map:  69%|██████▊   | 116940/170300 [02:23<00:58, 919.73 examples/s]Map:  69%|██████▊   | 117047/170300 [02:24<01:02, 846.01 examples/s]Map:  69%|██████▉   | 117137/170300 [02:24<01:02, 856.85 examples/s]Map:  69%|██████▉   | 117264/170300 [02:24<01:02, 851.42 examples/s]Map:  69%|██████▉   | 117357/170300 [02:24<01:01, 867.21 examples/s]Map:  69%|██████▉   | 117451/170300 [02:24<00:59, 881.83 examples/s]Map:  69%|██████▉   | 117549/170300 [02:24<00:58, 905.18 examples/s]Map:  69%|██████▉   | 117684/170300 [02:24<00:58, 898.75 examples/s]Map:  69%|██████▉   | 117778/170300 [02:24<00:58, 905.45 examples/s]Map:  69%|██████▉   | 117872/170300 [02:25<00:57, 911.73 examples/s]Map:  69%|██████▉   | 117965/170300 [02:25<00:57, 911.55 examples/s]Map:  69%|██████▉   | 118086/170300 [02:25<01:05, 802.39 examples/s]Map:  69%|██████▉   | 118174/170300 [02:25<01:03, 817.22 examples/s]Map:  69%|██████▉   | 118265/170300 [02:25<01:02, 839.19 examples/s]Map:  70%|██████▉   | 118365/170300 [02:25<00:58, 881.18 examples/s]Map:  70%|██████▉   | 118495/170300 [02:25<00:59, 873.10 examples/s]Map:  70%|██████▉   | 118590/170300 [02:25<00:58, 890.44 examples/s]Map:  70%|██████▉   | 118727/170300 [02:26<00:57, 896.59 examples/s]Map:  70%|██████▉   | 118824/170300 [02:26<00:56, 912.51 examples/s]Map:  70%|██████▉   | 118918/170300 [02:26<00:55, 918.03 examples/s]Map:  70%|██████▉   | 119044/170300 [02:26<01:01, 836.66 examples/s]Map:  70%|██████▉   | 119135/170300 [02:26<01:00, 851.87 examples/s]Map:  70%|███████   | 119226/170300 [02:26<00:59, 864.90 examples/s]Map:  70%|███████   | 119322/170300 [02:26<00:57, 888.12 examples/s]Map:  70%|███████   | 119459/170300 [02:26<00:56, 893.68 examples/s]Map:  70%|███████   | 119560/170300 [02:26<00:55, 922.35 examples/s]Map:  70%|███████   | 119699/170300 [02:27<00:54, 922.79 examples/s]Map:  70%|███████   | 119832/170300 [02:27<00:55, 906.82 examples/s]Map:  70%|███████   | 119966/170300 [02:27<00:56, 897.45 examples/s]Map:  71%|███████   | 120097/170300 [02:27<00:59, 848.13 examples/s]Map:  71%|███████   | 120197/170300 [02:27<00:57, 876.57 examples/s]Map:  71%|███████   | 120291/170300 [02:27<00:56, 890.29 examples/s]Map:  71%|███████   | 120385/170300 [02:27<00:55, 899.53 examples/s]Map:  71%|███████   | 120483/170300 [02:27<00:54, 920.12 examples/s]Map:  71%|███████   | 120578/170300 [02:28<00:53, 925.64 examples/s]Map:  71%|███████   | 120711/170300 [02:28<00:54, 907.14 examples/s]Map:  71%|███████   | 120804/170300 [02:28<00:54, 908.12 examples/s]Map:  71%|███████   | 120897/170300 [02:28<00:54, 909.94 examples/s]Map:  71%|███████   | 120991/170300 [02:28<00:53, 917.58 examples/s]Map:  71%|███████   | 121095/170300 [02:28<00:59, 830.48 examples/s]Map:  71%|███████   | 121186/170300 [02:28<00:57, 848.65 examples/s]Map:  71%|███████   | 121274/170300 [02:28<00:57, 856.21 examples/s]Map:  71%|███████▏  | 121373/170300 [02:29<00:55, 883.91 examples/s]Map:  71%|███████▏  | 121463/170300 [02:29<00:55, 884.90 examples/s]Map:  71%|███████▏  | 121596/170300 [02:29<00:55, 882.72 examples/s]Map:  71%|███████▏  | 121690/170300 [02:29<00:54, 894.60 examples/s]Map:  72%|███████▏  | 121782/170300 [02:29<00:53, 900.55 examples/s]Map:  72%|███████▏  | 121881/170300 [02:29<00:52, 922.64 examples/s]Map:  72%|███████▏  | 121978/170300 [02:29<00:51, 932.19 examples/s]Map:  72%|███████▏  | 122089/170300 [02:29<00:57, 843.23 examples/s]Map:  72%|███████▏  | 122183/170300 [02:29<00:55, 867.83 examples/s]Map:  72%|███████▏  | 122277/170300 [02:30<00:54, 883.96 examples/s]Map:  72%|███████▏  | 122370/170300 [02:30<00:53, 896.40 examples/s]Map:  72%|███████▏  | 122468/170300 [02:30<00:52, 918.08 examples/s]Map:  72%|███████▏  | 122568/170300 [02:30<00:50, 937.76 examples/s]Map:  72%|███████▏  | 122665/170300 [02:30<00:50, 944.27 examples/s]Map:  72%|███████▏  | 122800/170300 [02:30<00:51, 925.45 examples/s]Map:  72%|███████▏  | 122896/170300 [02:30<00:50, 931.58 examples/s]Map:  72%|███████▏  | 123003/170300 [02:30<00:55, 846.10 examples/s]Map:  72%|███████▏  | 123136/170300 [02:30<00:55, 856.07 examples/s]Map:  72%|███████▏  | 123229/170300 [02:31<00:53, 872.63 examples/s]Map:  72%|███████▏  | 123325/170300 [02:31<00:52, 893.01 examples/s]Map:  72%|███████▏  | 123419/170300 [02:31<00:51, 903.89 examples/s]Map:  73%|███████▎  | 123519/170300 [02:31<00:50, 924.02 examples/s]Map:  73%|███████▎  | 123657/170300 [02:31<00:50, 919.71 examples/s]Map:  73%|███████▎  | 123752/170300 [02:31<00:50, 926.94 examples/s]Map:  73%|███████▎  | 123888/170300 [02:31<00:50, 913.91 examples/s]Map:  73%|███████▎  | 124000/170300 [02:31<00:55, 829.79 examples/s]Map:  73%|███████▎  | 124095/170300 [02:32<00:53, 858.07 examples/s]Map:  73%|███████▎  | 124208/170300 [02:32<01:06, 696.44 examples/s]Map:  73%|███████▎  | 124300/170300 [02:32<01:01, 742.65 examples/s]Map:  73%|███████▎  | 124393/170300 [02:32<00:58, 785.10 examples/s]Map:  73%|███████▎  | 124486/170300 [02:32<00:56, 816.12 examples/s]Map:  73%|███████▎  | 124576/170300 [02:32<00:54, 836.93 examples/s]Map:  73%|███████▎  | 124668/170300 [02:32<00:53, 858.33 examples/s]Map:  73%|███████▎  | 124760/170300 [02:32<00:52, 873.03 examples/s]Map:  73%|███████▎  | 124860/170300 [02:33<00:50, 907.14 examples/s]Map:  73%|███████▎  | 124959/170300 [02:33<00:48, 928.09 examples/s]Map:  73%|███████▎  | 125094/170300 [02:33<00:53, 844.49 examples/s]Map:  74%|███████▎  | 125230/170300 [02:33<00:52, 861.53 examples/s]Map:  74%|███████▎  | 125319/170300 [02:33<00:51, 866.12 examples/s]Map:  74%|███████▎  | 125415/170300 [02:33<00:50, 886.81 examples/s]Map:  74%|███████▎  | 125545/170300 [02:33<00:51, 877.39 examples/s]Map:  74%|███████▍  | 125636/170300 [02:33<00:50, 884.31 examples/s]Map:  74%|███████▍  | 125729/170300 [02:33<00:49, 894.32 examples/s]Map:  74%|███████▍  | 125820/170300 [02:34<00:49, 894.75 examples/s]Map:  74%|███████▍  | 125914/170300 [02:34<00:49, 898.68 examples/s]Map:  74%|███████▍  | 126048/170300 [02:34<00:52, 850.84 examples/s]Map:  74%|███████▍  | 126143/170300 [02:34<00:50, 873.30 examples/s]Map:  74%|███████▍  | 126243/170300 [02:34<00:48, 904.81 examples/s]Map:  74%|███████▍  | 126336/170300 [02:34<00:48, 907.12 examples/s]Map:  74%|███████▍  | 126429/170300 [02:34<00:48, 905.67 examples/s]Map:  74%|███████▍  | 126526/170300 [02:34<00:47, 920.86 examples/s]Map:  74%|███████▍  | 126661/170300 [02:35<00:48, 907.68 examples/s]Map:  74%|███████▍  | 126792/170300 [02:35<00:48, 891.74 examples/s]Map:  75%|███████▍  | 126882/170300 [02:35<00:48, 891.13 examples/s]Map:  75%|███████▍  | 126972/170300 [02:35<00:48, 891.59 examples/s]Map:  75%|███████▍  | 127086/170300 [02:35<00:53, 813.09 examples/s]Map:  75%|███████▍  | 127182/170300 [02:35<00:50, 848.89 examples/s]Map:  75%|███████▍  | 127271/170300 [02:35<00:50, 858.68 examples/s]Map:  75%|███████▍  | 127373/170300 [02:35<00:47, 900.15 examples/s]Map:  75%|███████▍  | 127469/170300 [02:35<00:46, 911.85 examples/s]Map:  75%|███████▍  | 127603/170300 [02:36<00:47, 899.35 examples/s]Map:  75%|███████▌  | 127740/170300 [02:36<00:47, 898.88 examples/s]Map:  75%|███████▌  | 127833/170300 [02:36<00:46, 906.19 examples/s]Map:  75%|███████▌  | 127925/170300 [02:36<00:46, 903.62 examples/s]Map:  75%|███████▌  | 128044/170300 [02:36<00:51, 826.08 examples/s]Map:  75%|███████▌  | 128141/170300 [02:36<00:49, 852.62 examples/s]Map:  75%|███████▌  | 128277/170300 [02:36<00:48, 867.88 examples/s]Map:  75%|███████▌  | 128366/170300 [02:36<00:48, 869.93 examples/s]Map:  75%|███████▌  | 128457/170300 [02:37<00:47, 878.00 examples/s]Map:  76%|███████▌  | 128587/170300 [02:37<00:47, 871.01 examples/s]Map:  76%|███████▌  | 128681/170300 [02:37<00:46, 885.78 examples/s]Map:  76%|███████▌  | 128771/170300 [02:37<00:46, 887.24 examples/s]Map:  76%|███████▌  | 128863/170300 [02:37<00:46, 894.82 examples/s]Map:  76%|███████▌  | 128958/170300 [02:37<00:45, 908.20 examples/s]Map:  76%|███████▌  | 129092/170300 [02:37<00:50, 821.58 examples/s]Map:  76%|███████▌  | 129183/170300 [02:37<00:48, 839.61 examples/s]Map:  76%|███████▌  | 129271/170300 [02:38<00:48, 847.26 examples/s]Map:  76%|███████▌  | 129373/170300 [02:38<00:45, 891.36 examples/s]Map:  76%|███████▌  | 129469/170300 [02:38<00:44, 908.98 examples/s]Map:  76%|███████▌  | 129606/170300 [02:38<00:45, 902.01 examples/s]Map:  76%|███████▌  | 129743/170300 [02:38<00:44, 903.00 examples/s]Map:  76%|███████▌  | 129842/170300 [02:38<00:43, 921.42 examples/s]Map:  76%|███████▋  | 129981/170300 [02:38<00:43, 917.62 examples/s]Map:  76%|███████▋  | 130099/170300 [02:38<00:46, 858.70 examples/s]Map:  76%|███████▋  | 130199/170300 [02:39<00:45, 890.46 examples/s]Map:  77%|███████▋  | 130294/170300 [02:39<00:44, 900.90 examples/s]Map:  77%|███████▋  | 130431/170300 [02:39<00:44, 903.06 examples/s]Map:  77%|███████▋  | 130532/170300 [02:39<00:42, 928.68 examples/s]Map:  77%|███████▋  | 130632/170300 [02:39<00:42, 943.59 examples/s]Map:  77%|███████▋  | 130774/170300 [02:39<00:41, 942.88 examples/s]Map:  77%|███████▋  | 130918/170300 [02:39<00:41, 946.98 examples/s]Map:  77%|███████▋  | 131046/170300 [02:39<00:45, 865.67 examples/s]Map:  77%|███████▋  | 131142/170300 [02:40<00:44, 885.45 examples/s]Map:  77%|███████▋  | 131275/170300 [02:40<00:44, 882.32 examples/s]Map:  77%|███████▋  | 131368/170300 [02:40<00:43, 891.45 examples/s]Map:  77%|███████▋  | 131461/170300 [02:40<00:43, 899.02 examples/s]Map:  77%|███████▋  | 131597/170300 [02:40<00:43, 895.13 examples/s]Map:  77%|███████▋  | 131688/170300 [02:40<00:43, 893.43 examples/s]Map:  77%|███████▋  | 131824/170300 [02:40<00:42, 896.19 examples/s]Map:  77%|███████▋  | 131951/170300 [02:41<00:43, 877.86 examples/s]Map:  78%|███████▊  | 132046/170300 [02:41<00:46, 831.17 examples/s]Map:  78%|███████▊  | 132136/170300 [02:41<00:45, 846.38 examples/s]Map:  78%|███████▊  | 132227/170300 [02:41<00:44, 857.73 examples/s]Map:  78%|███████▊  | 132323/170300 [02:41<00:43, 878.89 examples/s]Map:  78%|███████▊  | 132414/170300 [02:41<00:42, 884.33 examples/s]Map:  78%|███████▊  | 132508/170300 [02:41<00:42, 897.96 examples/s]Map:  78%|███████▊  | 132605/170300 [02:41<00:41, 917.84 examples/s]Map:  78%|███████▊  | 132744/170300 [02:41<00:40, 918.86 examples/s]Map:  78%|███████▊  | 132842/170300 [02:41<00:40, 933.70 examples/s]Map:  78%|███████▊  | 132977/170300 [02:42<00:40, 920.81 examples/s]Map:  78%|███████▊  | 133089/170300 [02:42<00:44, 832.93 examples/s]Map:  78%|███████▊  | 133181/170300 [02:42<00:43, 851.02 examples/s]Map:  78%|███████▊  | 133284/170300 [02:42<00:41, 892.96 examples/s]Map:  78%|███████▊  | 133385/170300 [02:42<00:40, 920.42 examples/s]Map:  78%|███████▊  | 133483/170300 [02:42<00:39, 933.83 examples/s]Map:  78%|███████▊  | 133614/170300 [02:42<00:40, 907.25 examples/s]Map:  79%|███████▊  | 133707/170300 [02:42<00:40, 910.00 examples/s]Map:  79%|███████▊  | 133808/170300 [02:43<00:39, 934.35 examples/s]Map:  79%|███████▊  | 133945/170300 [02:43<00:39, 922.50 examples/s]Map:  79%|███████▊  | 134041/170300 [02:43<00:44, 822.81 examples/s]Map:  79%|███████▉  | 134135/170300 [02:43<00:42, 850.31 examples/s]Map:  79%|███████▉  | 134233/170300 [02:43<00:40, 881.79 examples/s]Map:  79%|███████▉  | 134335/170300 [02:43<00:39, 917.45 examples/s]Map:  79%|███████▉  | 134474/170300 [02:43<00:38, 918.94 examples/s]Map:  79%|███████▉  | 134611/170300 [02:43<00:39, 910.06 examples/s]Map:  79%|███████▉  | 134707/170300 [02:44<00:38, 920.09 examples/s]Map:  79%|███████▉  | 134841/170300 [02:44<00:39, 909.07 examples/s]Map:  79%|███████▉  | 134970/170300 [02:44<00:39, 890.37 examples/s]Map:  79%|███████▉  | 135092/170300 [02:44<00:42, 829.68 examples/s]Map:  79%|███████▉  | 135190/170300 [02:44<00:40, 862.11 examples/s]Map:  79%|███████▉  | 135279/170300 [02:44<00:40, 865.14 examples/s]Map:  79%|███████▉  | 135372/170300 [02:44<00:39, 879.24 examples/s]Map:  80%|███████▉  | 135468/170300 [02:44<00:38, 897.35 examples/s]Map:  80%|███████▉  | 135606/170300 [02:45<00:38, 901.92 examples/s]Map:  80%|███████▉  | 135698/170300 [02:45<00:38, 902.65 examples/s]Map:  80%|███████▉  | 135838/170300 [02:45<00:37, 910.26 examples/s]Map:  80%|███████▉  | 135971/170300 [02:45<00:38, 899.39 examples/s]Map:  80%|███████▉  | 136092/170300 [02:45<00:41, 825.16 examples/s]Map:  80%|███████▉  | 136185/170300 [02:45<00:40, 845.14 examples/s]Map:  80%|████████  | 136276/170300 [02:45<00:39, 859.40 examples/s]Map:  80%|████████  | 136367/170300 [02:45<00:39, 869.17 examples/s]Map:  80%|████████  | 136463/170300 [02:46<00:37, 892.25 examples/s]Map:  80%|████████  | 136554/170300 [02:46<00:37, 896.88 examples/s]Map:  80%|████████  | 136647/170300 [02:46<00:37, 899.68 examples/s]Map:  80%|████████  | 136784/170300 [02:46<00:37, 899.27 examples/s]Map:  80%|████████  | 136881/170300 [02:46<00:36, 913.91 examples/s]Map:  80%|████████  | 137000/170300 [02:46<00:40, 830.46 examples/s]Map:  80%|████████  | 137087/170300 [02:46<00:39, 834.11 examples/s]Map:  81%|████████  | 137174/170300 [02:46<00:39, 841.20 examples/s]Map:  81%|████████  | 137269/170300 [02:47<00:38, 866.09 examples/s]Map:  81%|████████  | 137366/170300 [02:47<00:36, 890.84 examples/s]Map:  81%|████████  | 137457/170300 [02:47<00:36, 893.19 examples/s]Map:  81%|████████  | 137589/170300 [02:47<00:37, 882.21 examples/s]Map:  81%|████████  | 137683/170300 [02:47<00:36, 894.71 examples/s]Map:  81%|████████  | 137778/170300 [02:47<00:35, 905.47 examples/s]Map:  81%|████████  | 137872/170300 [02:47<00:35, 909.56 examples/s]Map:  81%|████████  | 138000/170300 [02:47<00:38, 833.26 examples/s]Map:  81%|████████  | 138095/170300 [02:47<00:37, 859.86 examples/s]Map:  81%|████████  | 138193/170300 [02:48<00:36, 887.16 examples/s]Map:  81%|████████  | 138313/170300 [02:48<00:37, 848.93 examples/s]Map:  81%|████████▏ | 138408/170300 [02:48<00:36, 873.15 examples/s]Map:  81%|████████▏ | 138506/170300 [02:48<00:35, 897.55 examples/s]Map:  81%|████████▏ | 138639/170300 [02:48<00:35, 886.64 examples/s]Map:  81%|████████▏ | 138736/170300 [02:48<00:34, 904.79 examples/s]Map:  82%|████████▏ | 138829/170300 [02:48<00:34, 909.38 examples/s]Map:  82%|████████▏ | 138926/170300 [02:48<00:34, 922.20 examples/s]Map:  82%|████████▏ | 139049/170300 [02:49<00:37, 834.77 examples/s]Map:  82%|████████▏ | 139141/170300 [02:49<00:36, 854.55 examples/s]Map:  82%|████████▏ | 139232/170300 [02:49<00:35, 866.33 examples/s]Map:  82%|████████▏ | 139321/170300 [02:49<00:35, 870.84 examples/s]Map:  82%|████████▏ | 139418/170300 [02:49<00:34, 896.82 examples/s]Map:  82%|████████▏ | 139514/170300 [02:49<00:33, 908.63 examples/s]Map:  82%|████████▏ | 139608/170300 [02:49<00:33, 914.16 examples/s]Map:  82%|████████▏ | 139704/170300 [02:49<00:33, 925.83 examples/s]Map:  82%|████████▏ | 139804/170300 [02:49<00:32, 944.52 examples/s]Map:  82%|████████▏ | 139942/170300 [02:50<00:32, 933.40 examples/s]Map:  82%|████████▏ | 140042/170300 [02:50<00:36, 836.39 examples/s]Map:  82%|████████▏ | 140134/170300 [02:50<00:35, 854.37 examples/s]Map:  82%|████████▏ | 140231/170300 [02:50<00:34, 882.14 examples/s]Map:  82%|████████▏ | 140328/170300 [02:50<00:33, 905.43 examples/s]Map:  82%|████████▏ | 140422/170300 [02:50<00:32, 913.37 examples/s]Map:  83%|████████▎ | 140518/170300 [02:50<00:32, 924.33 examples/s]Map:  83%|████████▎ | 140613/170300 [02:50<00:32, 926.37 examples/s]Map:  83%|████████▎ | 140754/170300 [02:50<00:31, 925.28 examples/s]Map:  83%|████████▎ | 140847/170300 [02:51<00:31, 924.86 examples/s]Map:  83%|████████▎ | 140943/170300 [02:51<00:31, 931.65 examples/s]Map:  83%|████████▎ | 141046/170300 [02:51<00:34, 838.45 examples/s]Map:  83%|████████▎ | 141138/170300 [02:51<00:34, 856.64 examples/s]Map:  83%|████████▎ | 141230/170300 [02:51<00:33, 872.82 examples/s]Map:  83%|████████▎ | 141322/170300 [02:51<00:32, 879.30 examples/s]Map:  83%|████████▎ | 141456/170300 [02:51<00:32, 878.41 examples/s]Map:  83%|████████▎ | 141552/170300 [02:51<00:32, 895.32 examples/s]Map:  83%|████████▎ | 141643/170300 [02:51<00:32, 894.73 examples/s]Map:  83%|████████▎ | 141733/170300 [02:52<00:31, 894.25 examples/s]Map:  83%|████████▎ | 141827/170300 [02:52<00:31, 902.60 examples/s]Map:  83%|████████▎ | 141923/170300 [02:52<00:31, 911.76 examples/s]Map:  83%|████████▎ | 142044/170300 [02:52<00:34, 823.16 examples/s]Map:  83%|████████▎ | 142137/170300 [02:52<00:33, 848.51 examples/s]Map:  84%|████████▎ | 142229/170300 [02:52<00:32, 865.27 examples/s]Map:  84%|████████▎ | 142322/170300 [02:52<00:31, 876.37 examples/s]Map:  84%|████████▎ | 142419/170300 [02:52<00:30, 901.33 examples/s]Map:  84%|████████▎ | 142511/170300 [02:52<00:30, 902.96 examples/s]Map:  84%|████████▎ | 142606/170300 [02:53<00:30, 914.91 examples/s]Map:  84%|████████▍ | 142702/170300 [02:53<00:29, 924.23 examples/s]Map:  84%|████████▍ | 142795/170300 [02:53<00:29, 917.81 examples/s]Map:  84%|████████▍ | 142924/170300 [02:53<00:30, 890.61 examples/s]Map:  84%|████████▍ | 143043/170300 [02:53<00:33, 817.93 examples/s]Map:  84%|████████▍ | 143140/170300 [02:53<00:31, 853.87 examples/s]Map:  84%|████████▍ | 143235/170300 [02:53<00:30, 875.11 examples/s]Map:  84%|████████▍ | 143370/170300 [02:53<00:30, 876.75 examples/s]Map:  84%|████████▍ | 143469/170300 [02:54<00:29, 901.70 examples/s]Map:  84%|████████▍ | 143564/170300 [02:54<00:29, 910.82 examples/s]Map:  84%|████████▍ | 143658/170300 [02:54<00:29, 913.71 examples/s]Map:  84%|████████▍ | 143756/170300 [02:54<00:28, 927.96 examples/s]Map:  84%|████████▍ | 143851/170300 [02:54<00:28, 934.10 examples/s]Map:  85%|████████▍ | 143946/170300 [02:54<00:28, 936.47 examples/s]Map:  85%|████████▍ | 144052/170300 [02:54<00:31, 844.06 examples/s]Map:  85%|████████▍ | 144143/170300 [02:54<00:30, 854.75 examples/s]Map:  85%|████████▍ | 144241/170300 [02:54<00:29, 886.27 examples/s]Map:  85%|████████▍ | 144338/170300 [02:54<00:28, 906.82 examples/s]Map:  85%|████████▍ | 144472/170300 [02:55<00:28, 896.07 examples/s]Map:  85%|████████▍ | 144608/170300 [02:55<00:28, 897.13 examples/s]Map:  85%|████████▍ | 144699/170300 [02:55<00:28, 895.93 examples/s]Map:  85%|████████▌ | 144791/170300 [02:55<00:28, 898.24 examples/s]Map:  85%|████████▌ | 144886/170300 [02:55<00:27, 908.15 examples/s]Map:  85%|████████▌ | 144982/170300 [02:55<00:27, 916.92 examples/s]Map:  85%|████████▌ | 145092/170300 [02:55<00:30, 828.42 examples/s]Map:  85%|████████▌ | 145183/170300 [02:55<00:29, 846.48 examples/s]Map:  85%|████████▌ | 145271/170300 [02:56<00:29, 853.50 examples/s]Map:  85%|████████▌ | 145366/170300 [02:56<00:28, 878.17 examples/s]Map:  85%|████████▌ | 145458/170300 [02:56<00:27, 887.95 examples/s]Map:  85%|████████▌ | 145550/170300 [02:56<00:27, 895.12 examples/s]Map:  86%|████████▌ | 145650/170300 [02:56<00:26, 919.74 examples/s]Map:  86%|████████▌ | 145746/170300 [02:56<00:26, 925.61 examples/s]Map:  86%|████████▌ | 145839/170300 [02:56<00:26, 917.08 examples/s]Map:  86%|████████▌ | 145972/170300 [02:56<00:26, 901.80 examples/s]Map:  86%|████████▌ | 146088/170300 [02:56<00:29, 816.72 examples/s]Map:  86%|████████▌ | 146182/170300 [02:57<00:28, 845.34 examples/s]Map:  86%|████████▌ | 146315/170300 [02:57<00:27, 858.91 examples/s]Map:  86%|████████▌ | 146403/170300 [02:57<00:27, 861.24 examples/s]Map:  86%|████████▌ | 146492/170300 [02:57<00:27, 868.11 examples/s]Map:  86%|████████▌ | 146587/170300 [02:57<00:26, 885.64 examples/s]Map:  86%|████████▌ | 146724/170300 [02:57<00:26, 889.50 examples/s]Map:  86%|████████▌ | 146817/170300 [02:57<00:26, 897.67 examples/s]Map:  86%|████████▋ | 146912/170300 [02:57<00:25, 905.45 examples/s]Map:  86%|████████▋ | 147048/170300 [02:58<00:27, 847.96 examples/s]Map:  86%|████████▋ | 147135/170300 [02:58<00:27, 850.10 examples/s]Map:  86%|████████▋ | 147228/170300 [02:58<00:26, 867.78 examples/s]Map:  87%|████████▋ | 147316/170300 [02:58<00:26, 868.34 examples/s]Map:  87%|████████▋ | 147415/170300 [02:58<00:25, 900.07 examples/s]Map:  87%|████████▋ | 147509/170300 [02:58<00:25, 906.32 examples/s]Map:  87%|████████▋ | 147606/170300 [02:58<00:24, 920.65 examples/s]Map:  87%|████████▋ | 147740/170300 [02:58<00:24, 906.15 examples/s]Map:  87%|████████▋ | 147873/170300 [02:58<00:24, 897.29 examples/s]Map:  87%|████████▋ | 147971/170300 [02:59<00:24, 915.23 examples/s]Map:  87%|████████▋ | 148090/170300 [02:59<00:26, 831.33 examples/s]Map:  87%|████████▋ | 148184/170300 [02:59<00:25, 856.14 examples/s]Map:  87%|████████▋ | 148278/170300 [02:59<00:25, 877.09 examples/s]Map:  87%|████████▋ | 148370/170300 [02:59<00:24, 887.24 examples/s]Map:  87%|████████▋ | 148464/170300 [02:59<00:24, 897.63 examples/s]Map:  87%|████████▋ | 148555/170300 [02:59<00:24, 898.28 examples/s]Map:  87%|████████▋ | 148647/170300 [02:59<00:23, 902.39 examples/s]Map:  87%|████████▋ | 148738/170300 [02:59<00:23, 903.34 examples/s]Map:  87%|████████▋ | 148871/170300 [03:00<00:23, 893.24 examples/s]Map:  87%|████████▋ | 148966/170300 [03:00<00:23, 907.38 examples/s]Map:  88%|████████▊ | 149086/170300 [03:00<00:25, 818.91 examples/s]Map:  88%|████████▊ | 149182/170300 [03:00<00:24, 850.83 examples/s]Map:  88%|████████▊ | 149271/170300 [03:00<00:24, 858.87 examples/s]Map:  88%|████████▊ | 149378/170300 [03:00<00:22, 911.50 examples/s]Map:  88%|████████▊ | 149471/170300 [03:00<00:22, 912.90 examples/s]Map:  88%|████████▊ | 149567/170300 [03:00<00:22, 924.27 examples/s]Map:  88%|████████▊ | 149663/170300 [03:00<00:22, 932.56 examples/s]Map:  88%|████████▊ | 149791/170300 [03:01<00:28, 715.90 examples/s]Map:  88%|████████▊ | 149881/170300 [03:01<00:27, 755.32 examples/s]Map:  88%|████████▊ | 149972/170300 [03:01<00:25, 791.35 examples/s]Map:  88%|████████▊ | 150090/170300 [03:01<00:26, 756.39 examples/s]Map:  88%|████████▊ | 150187/170300 [03:01<00:25, 803.28 examples/s]Map:  88%|████████▊ | 150276/170300 [03:01<00:24, 823.95 examples/s]Map:  88%|████████▊ | 150364/170300 [03:01<00:23, 834.52 examples/s]Map:  88%|████████▊ | 150455/170300 [03:02<00:23, 849.20 examples/s]Map:  88%|████████▊ | 150555/170300 [03:02<00:22, 887.88 examples/s]Map:  88%|████████▊ | 150649/170300 [03:02<00:21, 898.85 examples/s]Map:  89%|████████▊ | 150744/170300 [03:02<00:21, 913.52 examples/s]Map:  89%|████████▊ | 150838/170300 [03:02<00:21, 917.56 examples/s]Map:  89%|████████▊ | 150933/170300 [03:02<00:20, 923.90 examples/s]Map:  89%|████████▊ | 151042/170300 [03:02<00:23, 823.53 examples/s]Map:  89%|████████▊ | 151139/170300 [03:02<00:22, 858.17 examples/s]Map:  89%|████████▉ | 151240/170300 [03:02<00:21, 894.08 examples/s]Map:  89%|████████▉ | 151340/170300 [03:02<00:20, 921.81 examples/s]Map:  89%|████████▉ | 151482/170300 [03:03<00:20, 925.24 examples/s]Map:  89%|████████▉ | 151613/170300 [03:03<00:20, 903.08 examples/s]Map:  89%|████████▉ | 151746/170300 [03:03<00:20, 896.70 examples/s]Map:  89%|████████▉ | 151880/170300 [03:03<00:20, 888.17 examples/s]Map:  89%|████████▉ | 151974/170300 [03:03<00:20, 897.62 examples/s]Map:  89%|████████▉ | 152093/170300 [03:03<00:21, 833.93 examples/s]Map:  89%|████████▉ | 152185/170300 [03:03<00:21, 852.31 examples/s]Map:  89%|████████▉ | 152283/170300 [03:04<00:20, 881.29 examples/s]Map:  89%|████████▉ | 152380/170300 [03:04<00:19, 902.09 examples/s]Map:  90%|████████▉ | 152514/170300 [03:04<00:19, 896.80 examples/s]Map:  90%|████████▉ | 152613/170300 [03:04<00:19, 918.33 examples/s]Map:  90%|████████▉ | 152743/170300 [03:04<00:19, 892.51 examples/s]Map:  90%|████████▉ | 152841/170300 [03:04<00:19, 912.81 examples/s]Map:  90%|████████▉ | 152975/170300 [03:04<00:19, 903.05 examples/s]Map:  90%|████████▉ | 153095/170300 [03:04<00:20, 846.31 examples/s]Map:  90%|████████▉ | 153187/170300 [03:05<00:19, 861.52 examples/s]Map:  90%|█████████ | 153278/170300 [03:05<00:19, 870.59 examples/s]Map:  90%|█████████ | 153414/170300 [03:05<00:19, 877.29 examples/s]Map:  90%|█████████ | 153547/170300 [03:05<00:19, 877.52 examples/s]Map:  90%|█████████ | 153677/170300 [03:05<00:19, 871.45 examples/s]Map:  90%|█████████ | 153770/170300 [03:05<00:18, 882.67 examples/s]Map:  90%|█████████ | 153901/170300 [03:05<00:18, 876.10 examples/s]Map:  90%|█████████ | 154000/170300 [03:06<00:20, 798.28 examples/s]Map:  90%|█████████ | 154091/170300 [03:06<00:19, 822.61 examples/s]Map:  91%|█████████ | 154188/170300 [03:06<00:18, 856.59 examples/s]Map:  91%|█████████ | 154313/170300 [03:06<00:18, 845.35 examples/s]Map:  91%|█████████ | 154400/170300 [03:06<00:18, 850.47 examples/s]Map:  91%|█████████ | 154495/170300 [03:06<00:18, 873.92 examples/s]Map:  91%|█████████ | 154591/170300 [03:06<00:17, 896.84 examples/s]Map:  91%|█████████ | 154685/170300 [03:06<00:17, 901.40 examples/s]Map:  91%|█████████ | 154778/170300 [03:06<00:17, 906.93 examples/s]Map:  91%|█████████ | 154915/170300 [03:07<00:16, 907.33 examples/s]Map:  91%|█████████ | 155051/170300 [03:07<00:17, 852.65 examples/s]Map:  91%|█████████ | 155145/170300 [03:07<00:17, 868.29 examples/s]Map:  91%|█████████ | 155237/170300 [03:07<00:17, 878.99 examples/s]Map:  91%|█████████ | 155329/170300 [03:07<00:16, 887.63 examples/s]Map:  91%|█████████▏| 155419/170300 [03:07<00:16, 888.60 examples/s]Map:  91%|█████████▏| 155516/170300 [03:07<00:16, 910.20 examples/s]Map:  91%|█████████▏| 155653/170300 [03:07<00:16, 909.23 examples/s]Map:  91%|█████████▏| 155752/170300 [03:08<00:15, 925.75 examples/s]Map:  92%|█████████▏| 155889/170300 [03:08<00:15, 915.73 examples/s]Map:  92%|█████████▏| 155983/170300 [03:08<00:15, 919.69 examples/s]Map:  92%|█████████▏| 156094/170300 [03:08<00:16, 850.93 examples/s]Map:  92%|█████████▏| 156186/170300 [03:08<00:16, 865.77 examples/s]Map:  92%|█████████▏| 156324/170300 [03:08<00:15, 880.12 examples/s]Map:  92%|█████████▏| 156419/170300 [03:08<00:15, 895.32 examples/s]Map:  92%|█████████▏| 156514/170300 [03:08<00:15, 904.91 examples/s]Map:  92%|█████████▏| 156611/170300 [03:08<00:14, 920.07 examples/s]Map:  92%|█████████▏| 156745/170300 [03:09<00:14, 907.22 examples/s]Map:  92%|█████████▏| 156842/170300 [03:09<00:14, 918.99 examples/s]Map:  92%|█████████▏| 156974/170300 [03:09<00:14, 901.80 examples/s]Map:  92%|█████████▏| 157093/170300 [03:09<00:15, 833.03 examples/s]Map:  92%|█████████▏| 157184/170300 [03:09<00:15, 847.02 examples/s]Map:  92%|█████████▏| 157274/170300 [03:09<00:15, 858.57 examples/s]Map:  92%|█████████▏| 157375/170300 [03:09<00:14, 896.98 examples/s]Map:  92%|█████████▏| 157475/170300 [03:09<00:13, 918.73 examples/s]Map:  93%|█████████▎| 157613/170300 [03:10<00:13, 913.53 examples/s]Map:  93%|█████████▎| 157745/170300 [03:10<00:13, 899.00 examples/s]Map:  93%|█████████▎| 157877/170300 [03:10<00:13, 887.98 examples/s]Map:  93%|█████████▎| 157978/170300 [03:10<00:13, 912.91 examples/s]Map:  93%|█████████▎| 158092/170300 [03:10<00:14, 840.46 examples/s]Map:  93%|█████████▎| 158179/170300 [03:10<00:14, 844.30 examples/s]Map:  93%|█████████▎| 158269/170300 [03:10<00:14, 856.81 examples/s]Map:  93%|█████████▎| 158362/170300 [03:10<00:13, 871.56 examples/s]Map:  93%|█████████▎| 158453/170300 [03:11<00:13, 877.54 examples/s]Map:  93%|█████████▎| 158588/170300 [03:11<00:13, 883.38 examples/s]Map:  93%|█████████▎| 158683/170300 [03:11<00:12, 897.85 examples/s]Map:  93%|█████████▎| 158776/170300 [03:11<00:12, 904.15 examples/s]Map:  93%|█████████▎| 158867/170300 [03:11<00:12, 902.24 examples/s]Map:  93%|█████████▎| 158958/170300 [03:11<00:12, 900.78 examples/s]Map:  93%|█████████▎| 159055/170300 [03:11<00:14, 800.77 examples/s]Map:  93%|█████████▎| 159185/170300 [03:11<00:13, 820.10 examples/s]Map:  94%|█████████▎| 159278/170300 [03:12<00:13, 844.55 examples/s]Map:  94%|█████████▎| 159374/170300 [03:12<00:12, 874.28 examples/s]Map:  94%|█████████▎| 159465/170300 [03:12<00:12, 881.19 examples/s]Map:  94%|█████████▎| 159565/170300 [03:12<00:11, 909.46 examples/s]Map:  94%|█████████▍| 159658/170300 [03:12<00:11, 913.64 examples/s]Map:  94%|█████████▍| 159753/170300 [03:12<00:11, 921.82 examples/s]Map:  94%|█████████▍| 159889/170300 [03:12<00:11, 911.23 examples/s]Map:  94%|█████████▍| 159985/170300 [03:12<00:11, 921.99 examples/s]Map:  94%|█████████▍| 160089/170300 [03:12<00:12, 830.14 examples/s]Map:  94%|█████████▍| 160179/170300 [03:13<00:11, 845.78 examples/s]Map:  94%|█████████▍| 160269/170300 [03:13<00:11, 857.02 examples/s]Map:  94%|█████████▍| 160366/170300 [03:13<00:11, 884.01 examples/s]Map:  94%|█████████▍| 160462/170300 [03:13<00:10, 902.69 examples/s]Map:  94%|█████████▍| 160598/170300 [03:13<00:10, 898.55 examples/s]Map:  94%|█████████▍| 160729/170300 [03:13<00:10, 885.52 examples/s]Map:  94%|█████████▍| 160826/170300 [03:13<00:10, 902.75 examples/s]Map:  94%|█████████▍| 160925/170300 [03:13<00:10, 922.00 examples/s]Map:  95%|█████████▍| 161045/170300 [03:14<00:10, 848.60 examples/s]Map:  95%|█████████▍| 161137/170300 [03:14<00:10, 862.46 examples/s]Map:  95%|█████████▍| 161236/170300 [03:14<00:10, 893.35 examples/s]Map:  95%|█████████▍| 161371/170300 [03:14<00:10, 891.03 examples/s]Map:  95%|█████████▍| 161507/170300 [03:14<00:09, 893.59 examples/s]Map:  95%|█████████▍| 161646/170300 [03:14<00:09, 899.44 examples/s]Map:  95%|█████████▍| 161744/170300 [03:14<00:09, 917.76 examples/s]Map:  95%|█████████▌| 161880/170300 [03:14<00:09, 913.30 examples/s]Map:  95%|█████████▌| 161980/170300 [03:15<00:08, 933.42 examples/s]Map:  95%|█████████▌| 162088/170300 [03:15<00:09, 844.96 examples/s]Map:  95%|█████████▌| 162187/170300 [03:15<00:09, 877.30 examples/s]Map:  95%|█████████▌| 162284/170300 [03:15<00:08, 899.55 examples/s]Map:  95%|█████████▌| 162383/170300 [03:15<00:08, 921.00 examples/s]Map:  95%|█████████▌| 162517/170300 [03:15<00:08, 907.92 examples/s]Map:  96%|█████████▌| 162642/170300 [03:15<00:08, 878.74 examples/s]Map:  96%|█████████▌| 162773/170300 [03:15<00:08, 872.51 examples/s]Map:  96%|█████████▌| 162871/170300 [03:16<00:08, 896.93 examples/s]Map:  96%|█████████▌| 162963/170300 [03:16<00:08, 893.74 examples/s]Map:  96%|█████████▌| 163087/170300 [03:16<00:08, 817.20 examples/s]Map:  96%|█████████▌| 163178/170300 [03:16<00:08, 836.49 examples/s]Map:  96%|█████████▌| 163270/170300 [03:16<00:08, 854.61 examples/s]Map:  96%|█████████▌| 163363/170300 [03:16<00:07, 869.41 examples/s]Map:  96%|█████████▌| 163452/170300 [03:16<00:07, 873.35 examples/s]Map:  96%|█████████▌| 163549/170300 [03:16<00:07, 898.05 examples/s]Map:  96%|█████████▌| 163645/170300 [03:16<00:07, 914.68 examples/s]Map:  96%|█████████▌| 163777/170300 [03:17<00:07, 892.87 examples/s]Map:  96%|█████████▌| 163874/170300 [03:17<00:07, 911.35 examples/s]Map:  96%|█████████▋| 163971/170300 [03:17<00:06, 924.62 examples/s]Map:  96%|█████████▋| 164096/170300 [03:17<00:07, 858.25 examples/s]Map:  96%|█████████▋| 164190/170300 [03:17<00:06, 875.47 examples/s]Map:  96%|█████████▋| 164285/170300 [03:17<00:06, 894.82 examples/s]Map:  97%|█████████▋| 164420/170300 [03:17<00:06, 893.27 examples/s]Map:  97%|█████████▋| 164517/170300 [03:17<00:06, 912.78 examples/s]Map:  97%|█████████▋| 164613/170300 [03:18<00:06, 918.99 examples/s]Map:  97%|█████████▋| 164711/170300 [03:18<00:05, 932.28 examples/s]Map:  97%|█████████▋| 164807/170300 [03:18<00:05, 936.74 examples/s]Map:  97%|█████████▋| 164946/170300 [03:18<00:05, 929.89 examples/s]Map:  97%|█████████▋| 165046/170300 [03:18<00:06, 833.11 examples/s]Map:  97%|█████████▋| 165135/170300 [03:18<00:06, 843.31 examples/s]Map:  97%|█████████▋| 165222/170300 [03:18<00:05, 848.22 examples/s]Map:  97%|█████████▋| 165314/170300 [03:18<00:05, 864.98 examples/s]Map:  97%|█████████▋| 165405/170300 [03:18<00:05, 875.98 examples/s]Map:  97%|█████████▋| 165499/170300 [03:19<00:05, 892.58 examples/s]Map:  97%|█████████▋| 165638/170300 [03:19<00:05, 904.05 examples/s]Map:  97%|█████████▋| 165775/170300 [03:19<00:05, 902.25 examples/s]Map:  97%|█████████▋| 165867/170300 [03:19<00:04, 903.25 examples/s]Map:  97%|█████████▋| 165961/170300 [03:19<00:04, 909.66 examples/s]Map:  98%|█████████▊| 166094/170300 [03:19<00:05, 838.71 examples/s]Map:  98%|█████████▊| 166183/170300 [03:19<00:04, 848.62 examples/s]Map:  98%|█████████▊| 166277/170300 [03:19<00:04, 870.05 examples/s]Map:  98%|█████████▊| 166367/170300 [03:20<00:04, 873.50 examples/s]Map:  98%|█████████▊| 166460/170300 [03:20<00:04, 887.72 examples/s]Map:  98%|█████████▊| 166565/170300 [03:20<00:04, 929.69 examples/s]Map:  98%|█████████▊| 166660/170300 [03:20<00:03, 933.39 examples/s]Map:  98%|█████████▊| 166757/170300 [03:20<00:03, 943.54 examples/s]Map:  98%|█████████▊| 166893/170300 [03:20<00:03, 922.84 examples/s]Map:  98%|█████████▊| 167002/170300 [03:20<00:03, 850.07 examples/s]Map:  98%|█████████▊| 167094/170300 [03:20<00:03, 866.12 examples/s]Map:  98%|█████████▊| 167185/170300 [03:20<00:03, 871.79 examples/s]Map:  98%|█████████▊| 167281/170300 [03:21<00:03, 894.19 examples/s]Map:  98%|█████████▊| 167414/170300 [03:21<00:03, 885.21 examples/s]Map:  98%|█████████▊| 167510/170300 [03:21<00:03, 901.51 examples/s]Map:  98%|█████████▊| 167605/170300 [03:21<00:02, 912.11 examples/s]Map:  98%|█████████▊| 167738/170300 [03:21<00:02, 896.92 examples/s]Map:  99%|█████████▊| 167831/170300 [03:21<00:02, 898.30 examples/s]Map:  99%|█████████▊| 167929/170300 [03:21<00:02, 917.28 examples/s]Map:  99%|█████████▊| 168048/170300 [03:21<00:02, 843.85 examples/s]Map:  99%|█████████▊| 168149/170300 [03:22<00:02, 880.71 examples/s]Map:  99%|█████████▉| 168277/170300 [03:22<00:02, 869.44 examples/s]Map:  99%|█████████▉| 168369/170300 [03:22<00:02, 877.52 examples/s]Map:  99%|█████████▉| 168463/170300 [03:22<00:02, 891.23 examples/s]Map:  99%|█████████▉| 168560/170300 [03:22<00:01, 909.66 examples/s]Map:  99%|█████████▉| 168662/170300 [03:22<00:01, 936.24 examples/s]Map:  99%|█████████▉| 168759/170300 [03:22<00:01, 939.92 examples/s]Map:  99%|█████████▉| 168897/170300 [03:22<00:01, 925.20 examples/s]Map:  99%|█████████▉| 169001/170300 [03:22<00:01, 837.71 examples/s]Map:  99%|█████████▉| 169090/170300 [03:23<00:01, 848.21 examples/s]Map:  99%|█████████▉| 169187/170300 [03:23<00:01, 875.97 examples/s]Map:  99%|█████████▉| 169280/170300 [03:23<00:01, 887.89 examples/s]Map:  99%|█████████▉| 169372/170300 [03:23<00:01, 895.64 examples/s]Map: 100%|█████████▉| 169505/170300 [03:23<00:00, 888.53 examples/s]Map: 100%|█████████▉| 169636/170300 [03:23<00:00, 880.10 examples/s]Map: 100%|█████████▉| 169731/170300 [03:23<00:00, 892.78 examples/s]Map: 100%|█████████▉| 169822/170300 [03:23<00:00, 894.40 examples/s]Map: 100%|█████████▉| 169953/170300 [03:24<00:00, 885.64 examples/s]Map: 100%|█████████▉| 170047/170300 [03:24<00:00, 823.99 examples/s]Map: 100%|█████████▉| 170138/170300 [03:24<00:00, 841.87 examples/s]Map: 100%|█████████▉| 170223/170300 [03:24<00:00, 838.28 examples/s]Map: 100%|██████████| 170300/170300 [03:24<00:00, 832.84 examples/s]
Map:   0%|          | 0/120 [00:00<?, ? examples/s]Map:  82%|████████▏ | 98/120 [00:00<00:00, 970.13 examples/s]Map: 100%|██████████| 120/120 [00:00<00:00, 890.72 examples/s]
Detected kernel version 4.18.0, which is below the recommended minimum of 5.5.0; this can cause the process to hang. It is recommended to upgrade the kernel to the minimum version or higher.
Traceback (most recent call last):
  File "/gpfs/users/a1906566/2024/DoRA/commonsense_reasoning/finetune.py", line 396, in <module>
    fire.Fire(train)
  File "/hpcfs/users/a1906566/anaconda3/envs/llama/lib/python3.10/site-packages/fire/core.py", line 143, in Fire
    component_trace = _Fire(component, args, parsed_flag_args, context, name)
  File "/hpcfs/users/a1906566/anaconda3/envs/llama/lib/python3.10/site-packages/fire/core.py", line 477, in _Fire
    component, remaining_args = _CallAndUpdateTrace(
  File "/hpcfs/users/a1906566/anaconda3/envs/llama/lib/python3.10/site-packages/fire/core.py", line 693, in _CallAndUpdateTrace
    component = fn(*varargs, **kwargs)
  File "/gpfs/users/a1906566/2024/DoRA/commonsense_reasoning/finetune.py", line 361, in train
    trainer.train(resume_from_checkpoint=resume_from_checkpoint)
  File "/hpcfs/users/a1906566/anaconda3/envs/llama/lib/python3.10/site-packages/transformers/trainer.py", line 1859, in train
    return inner_training_loop(
  File "/hpcfs/users/a1906566/anaconda3/envs/llama/lib/python3.10/site-packages/transformers/trainer.py", line 1888, in _inner_training_loop
    train_dataloader = self.get_train_dataloader()
  File "/hpcfs/users/a1906566/anaconda3/envs/llama/lib/python3.10/site-packages/transformers/trainer.py", line 861, in get_train_dataloader
    train_dataset = self._remove_unused_columns(train_dataset, description="training")
  File "/hpcfs/users/a1906566/anaconda3/envs/llama/lib/python3.10/site-packages/transformers/trainer.py", line 780, in _remove_unused_columns
    self._set_signature_columns_if_needed()
  File "/hpcfs/users/a1906566/anaconda3/envs/llama/lib/python3.10/site-packages/transformers/trainer.py", line 766, in _set_signature_columns_if_needed
    if _is_peft_model(self.model):
  File "/hpcfs/users/a1906566/anaconda3/envs/llama/lib/python3.10/site-packages/transformers/trainer.py", line 243, in _is_peft_model
    from peft import PeftMixedModel
ImportError: cannot import name 'PeftMixedModel' from 'peft' (/gpfs/users/a1906566/2024/DoRA/commonsense_reasoning/peft/src/peft/__init__.py)
/hpcfs/users/a1906566/anaconda3/envs/llama/lib/python3.10/site-packages/huggingface_hub/file_download.py:1132: FutureWarning: `resume_download` is deprecated and will be removed in version 1.0.0. Downloads always resume when possible. If you want to force a new download, use `force_download=True`.
  warnings.warn(
Loading checkpoint shards:   0%|          | 0/2 [00:00<?, ?it/s]Loading checkpoint shards:  50%|█████     | 1/2 [00:04<00:04,  4.26s/it]Loading checkpoint shards: 100%|██████████| 2/2 [00:05<00:00,  2.64s/it]Loading checkpoint shards: 100%|██████████| 2/2 [00:05<00:00,  2.88s/it]
Traceback (most recent call last):
  File "/gpfs/users/a1906566/2024/DoRA/commonsense_reasoning/peft/src/peft/utils/config.py", line 102, in from_pretrained
    config_file = hf_hub_download(pretrained_model_name_or_path, CONFIG_NAME)
  File "/hpcfs/users/a1906566/anaconda3/envs/llama/lib/python3.10/site-packages/huggingface_hub/utils/_validators.py", line 106, in _inner_fn
    validate_repo_id(arg_value)
  File "/hpcfs/users/a1906566/anaconda3/envs/llama/lib/python3.10/site-packages/huggingface_hub/utils/_validators.py", line 154, in validate_repo_id
    raise HFValidationError(
huggingface_hub.errors.HFValidationError: Repo id must be in the form 'repo_name' or 'namespace/repo_name': './finetuned_result/sine_lora_qv_r16_1k_64'. Use `repo_type` argument if needed.

During handling of the above exception, another exception occurred:

Traceback (most recent call last):
  File "/gpfs/users/a1906566/2024/DoRA/commonsense_reasoning/commonsense_evaluate.py", line 357, in <module>
    main()
  File "/gpfs/users/a1906566/2024/DoRA/commonsense_reasoning/commonsense_evaluate.py", line 86, in main
    tokenizer, model = load_model(args)
  File "/gpfs/users/a1906566/2024/DoRA/commonsense_reasoning/commonsense_evaluate.py", line 272, in load_model
    model = PeftModel.from_pretrained(
  File "/gpfs/users/a1906566/2024/DoRA/commonsense_reasoning/peft/src/peft/peft_model.py", line 150, in from_pretrained
    config = PEFT_TYPE_TO_CONFIG_MAPPING[PeftConfig.from_pretrained(model_id).peft_type].from_pretrained(model_id)
  File "/gpfs/users/a1906566/2024/DoRA/commonsense_reasoning/peft/src/peft/utils/config.py", line 104, in from_pretrained
    raise ValueError(f"Can't find config.json at '{pretrained_model_name_or_path}'")
ValueError: Can't find config.json at './finetuned_result/sine_lora_qv_r16_1k_64'
/hpcfs/users/a1906566/anaconda3/envs/llama/lib/python3.10/site-packages/huggingface_hub/file_download.py:1132: FutureWarning: `resume_download` is deprecated and will be removed in version 1.0.0. Downloads always resume when possible. If you want to force a new download, use `force_download=True`.
  warnings.warn(
Loading checkpoint shards:   0%|          | 0/2 [00:00<?, ?it/s]Loading checkpoint shards:  50%|█████     | 1/2 [00:03<00:03,  3.93s/it]Loading checkpoint shards: 100%|██████████| 2/2 [00:05<00:00,  2.43s/it]Loading checkpoint shards: 100%|██████████| 2/2 [00:05<00:00,  2.66s/it]
Traceback (most recent call last):
  File "/gpfs/users/a1906566/2024/DoRA/commonsense_reasoning/peft/src/peft/utils/config.py", line 102, in from_pretrained
    config_file = hf_hub_download(pretrained_model_name_or_path, CONFIG_NAME)
  File "/hpcfs/users/a1906566/anaconda3/envs/llama/lib/python3.10/site-packages/huggingface_hub/utils/_validators.py", line 106, in _inner_fn
    validate_repo_id(arg_value)
  File "/hpcfs/users/a1906566/anaconda3/envs/llama/lib/python3.10/site-packages/huggingface_hub/utils/_validators.py", line 154, in validate_repo_id
    raise HFValidationError(
huggingface_hub.errors.HFValidationError: Repo id must be in the form 'repo_name' or 'namespace/repo_name': './finetuned_result/sine_lora_qv_r16_1k_64'. Use `repo_type` argument if needed.

During handling of the above exception, another exception occurred:

Traceback (most recent call last):
  File "/gpfs/users/a1906566/2024/DoRA/commonsense_reasoning/commonsense_evaluate.py", line 357, in <module>
    main()
  File "/gpfs/users/a1906566/2024/DoRA/commonsense_reasoning/commonsense_evaluate.py", line 86, in main
    tokenizer, model = load_model(args)
  File "/gpfs/users/a1906566/2024/DoRA/commonsense_reasoning/commonsense_evaluate.py", line 272, in load_model
    model = PeftModel.from_pretrained(
  File "/gpfs/users/a1906566/2024/DoRA/commonsense_reasoning/peft/src/peft/peft_model.py", line 150, in from_pretrained
    config = PEFT_TYPE_TO_CONFIG_MAPPING[PeftConfig.from_pretrained(model_id).peft_type].from_pretrained(model_id)
  File "/gpfs/users/a1906566/2024/DoRA/commonsense_reasoning/peft/src/peft/utils/config.py", line 104, in from_pretrained
    raise ValueError(f"Can't find config.json at '{pretrained_model_name_or_path}'")
ValueError: Can't find config.json at './finetuned_result/sine_lora_qv_r16_1k_64'
/hpcfs/users/a1906566/anaconda3/envs/llama/lib/python3.10/site-packages/huggingface_hub/file_download.py:1132: FutureWarning: `resume_download` is deprecated and will be removed in version 1.0.0. Downloads always resume when possible. If you want to force a new download, use `force_download=True`.
  warnings.warn(
Loading checkpoint shards:   0%|          | 0/2 [00:00<?, ?it/s]Loading checkpoint shards:  50%|█████     | 1/2 [00:03<00:03,  3.92s/it]Loading checkpoint shards: 100%|██████████| 2/2 [00:05<00:00,  2.42s/it]Loading checkpoint shards: 100%|██████████| 2/2 [00:05<00:00,  2.65s/it]
Traceback (most recent call last):
  File "/gpfs/users/a1906566/2024/DoRA/commonsense_reasoning/peft/src/peft/utils/config.py", line 102, in from_pretrained
    config_file = hf_hub_download(pretrained_model_name_or_path, CONFIG_NAME)
  File "/hpcfs/users/a1906566/anaconda3/envs/llama/lib/python3.10/site-packages/huggingface_hub/utils/_validators.py", line 106, in _inner_fn
    validate_repo_id(arg_value)
  File "/hpcfs/users/a1906566/anaconda3/envs/llama/lib/python3.10/site-packages/huggingface_hub/utils/_validators.py", line 154, in validate_repo_id
    raise HFValidationError(
huggingface_hub.errors.HFValidationError: Repo id must be in the form 'repo_name' or 'namespace/repo_name': './finetuned_result/sine_lora_qv_r16_1k_64'. Use `repo_type` argument if needed.

During handling of the above exception, another exception occurred:

Traceback (most recent call last):
  File "/gpfs/users/a1906566/2024/DoRA/commonsense_reasoning/commonsense_evaluate.py", line 357, in <module>
    main()
  File "/gpfs/users/a1906566/2024/DoRA/commonsense_reasoning/commonsense_evaluate.py", line 86, in main
    tokenizer, model = load_model(args)
  File "/gpfs/users/a1906566/2024/DoRA/commonsense_reasoning/commonsense_evaluate.py", line 272, in load_model
    model = PeftModel.from_pretrained(
  File "/gpfs/users/a1906566/2024/DoRA/commonsense_reasoning/peft/src/peft/peft_model.py", line 150, in from_pretrained
    config = PEFT_TYPE_TO_CONFIG_MAPPING[PeftConfig.from_pretrained(model_id).peft_type].from_pretrained(model_id)
  File "/gpfs/users/a1906566/2024/DoRA/commonsense_reasoning/peft/src/peft/utils/config.py", line 104, in from_pretrained
    raise ValueError(f"Can't find config.json at '{pretrained_model_name_or_path}'")
ValueError: Can't find config.json at './finetuned_result/sine_lora_qv_r16_1k_64'
/hpcfs/users/a1906566/anaconda3/envs/llama/lib/python3.10/site-packages/huggingface_hub/file_download.py:1132: FutureWarning: `resume_download` is deprecated and will be removed in version 1.0.0. Downloads always resume when possible. If you want to force a new download, use `force_download=True`.
  warnings.warn(
Loading checkpoint shards:   0%|          | 0/2 [00:00<?, ?it/s]Loading checkpoint shards:  50%|█████     | 1/2 [00:03<00:03,  3.89s/it]Loading checkpoint shards: 100%|██████████| 2/2 [00:05<00:00,  2.41s/it]Loading checkpoint shards: 100%|██████████| 2/2 [00:05<00:00,  2.63s/it]
Traceback (most recent call last):
  File "/gpfs/users/a1906566/2024/DoRA/commonsense_reasoning/peft/src/peft/utils/config.py", line 102, in from_pretrained
    config_file = hf_hub_download(pretrained_model_name_or_path, CONFIG_NAME)
  File "/hpcfs/users/a1906566/anaconda3/envs/llama/lib/python3.10/site-packages/huggingface_hub/utils/_validators.py", line 106, in _inner_fn
    validate_repo_id(arg_value)
  File "/hpcfs/users/a1906566/anaconda3/envs/llama/lib/python3.10/site-packages/huggingface_hub/utils/_validators.py", line 154, in validate_repo_id
    raise HFValidationError(
huggingface_hub.errors.HFValidationError: Repo id must be in the form 'repo_name' or 'namespace/repo_name': './finetuned_result/sine_lora_qv_r16_1k_64'. Use `repo_type` argument if needed.

During handling of the above exception, another exception occurred:

Traceback (most recent call last):
  File "/gpfs/users/a1906566/2024/DoRA/commonsense_reasoning/commonsense_evaluate.py", line 357, in <module>
    main()
  File "/gpfs/users/a1906566/2024/DoRA/commonsense_reasoning/commonsense_evaluate.py", line 86, in main
    tokenizer, model = load_model(args)
  File "/gpfs/users/a1906566/2024/DoRA/commonsense_reasoning/commonsense_evaluate.py", line 272, in load_model
    model = PeftModel.from_pretrained(
  File "/gpfs/users/a1906566/2024/DoRA/commonsense_reasoning/peft/src/peft/peft_model.py", line 150, in from_pretrained
    config = PEFT_TYPE_TO_CONFIG_MAPPING[PeftConfig.from_pretrained(model_id).peft_type].from_pretrained(model_id)
  File "/gpfs/users/a1906566/2024/DoRA/commonsense_reasoning/peft/src/peft/utils/config.py", line 104, in from_pretrained
    raise ValueError(f"Can't find config.json at '{pretrained_model_name_or_path}'")
ValueError: Can't find config.json at './finetuned_result/sine_lora_qv_r16_1k_64'
/hpcfs/users/a1906566/anaconda3/envs/llama/lib/python3.10/site-packages/huggingface_hub/file_download.py:1132: FutureWarning: `resume_download` is deprecated and will be removed in version 1.0.0. Downloads always resume when possible. If you want to force a new download, use `force_download=True`.
  warnings.warn(
Loading checkpoint shards:   0%|          | 0/2 [00:00<?, ?it/s]Loading checkpoint shards:  50%|█████     | 1/2 [00:03<00:03,  3.87s/it]Loading checkpoint shards: 100%|██████████| 2/2 [00:05<00:00,  2.40s/it]Loading checkpoint shards: 100%|██████████| 2/2 [00:05<00:00,  2.62s/it]
Traceback (most recent call last):
  File "/gpfs/users/a1906566/2024/DoRA/commonsense_reasoning/peft/src/peft/utils/config.py", line 102, in from_pretrained
    config_file = hf_hub_download(pretrained_model_name_or_path, CONFIG_NAME)
  File "/hpcfs/users/a1906566/anaconda3/envs/llama/lib/python3.10/site-packages/huggingface_hub/utils/_validators.py", line 106, in _inner_fn
    validate_repo_id(arg_value)
  File "/hpcfs/users/a1906566/anaconda3/envs/llama/lib/python3.10/site-packages/huggingface_hub/utils/_validators.py", line 154, in validate_repo_id
    raise HFValidationError(
huggingface_hub.errors.HFValidationError: Repo id must be in the form 'repo_name' or 'namespace/repo_name': './finetuned_result/sine_lora_qv_r16_1k_64'. Use `repo_type` argument if needed.

During handling of the above exception, another exception occurred:

Traceback (most recent call last):
  File "/gpfs/users/a1906566/2024/DoRA/commonsense_reasoning/commonsense_evaluate.py", line 357, in <module>
    main()
  File "/gpfs/users/a1906566/2024/DoRA/commonsense_reasoning/commonsense_evaluate.py", line 86, in main
    tokenizer, model = load_model(args)
  File "/gpfs/users/a1906566/2024/DoRA/commonsense_reasoning/commonsense_evaluate.py", line 272, in load_model
    model = PeftModel.from_pretrained(
  File "/gpfs/users/a1906566/2024/DoRA/commonsense_reasoning/peft/src/peft/peft_model.py", line 150, in from_pretrained
    config = PEFT_TYPE_TO_CONFIG_MAPPING[PeftConfig.from_pretrained(model_id).peft_type].from_pretrained(model_id)
  File "/gpfs/users/a1906566/2024/DoRA/commonsense_reasoning/peft/src/peft/utils/config.py", line 104, in from_pretrained
    raise ValueError(f"Can't find config.json at '{pretrained_model_name_or_path}'")
ValueError: Can't find config.json at './finetuned_result/sine_lora_qv_r16_1k_64'
/hpcfs/users/a1906566/anaconda3/envs/llama/lib/python3.10/site-packages/huggingface_hub/file_download.py:1132: FutureWarning: `resume_download` is deprecated and will be removed in version 1.0.0. Downloads always resume when possible. If you want to force a new download, use `force_download=True`.
  warnings.warn(
Loading checkpoint shards:   0%|          | 0/2 [00:00<?, ?it/s]Loading checkpoint shards:  50%|█████     | 1/2 [00:03<00:03,  3.98s/it]Loading checkpoint shards: 100%|██████████| 2/2 [00:05<00:00,  2.46s/it]Loading checkpoint shards: 100%|██████████| 2/2 [00:05<00:00,  2.69s/it]
Traceback (most recent call last):
  File "/gpfs/users/a1906566/2024/DoRA/commonsense_reasoning/peft/src/peft/utils/config.py", line 102, in from_pretrained
    config_file = hf_hub_download(pretrained_model_name_or_path, CONFIG_NAME)
  File "/hpcfs/users/a1906566/anaconda3/envs/llama/lib/python3.10/site-packages/huggingface_hub/utils/_validators.py", line 106, in _inner_fn
    validate_repo_id(arg_value)
  File "/hpcfs/users/a1906566/anaconda3/envs/llama/lib/python3.10/site-packages/huggingface_hub/utils/_validators.py", line 154, in validate_repo_id
    raise HFValidationError(
huggingface_hub.errors.HFValidationError: Repo id must be in the form 'repo_name' or 'namespace/repo_name': './finetuned_result/sine_lora_qv_r16_1k_64'. Use `repo_type` argument if needed.

During handling of the above exception, another exception occurred:

Traceback (most recent call last):
  File "/gpfs/users/a1906566/2024/DoRA/commonsense_reasoning/commonsense_evaluate.py", line 357, in <module>
    main()
  File "/gpfs/users/a1906566/2024/DoRA/commonsense_reasoning/commonsense_evaluate.py", line 86, in main
    tokenizer, model = load_model(args)
  File "/gpfs/users/a1906566/2024/DoRA/commonsense_reasoning/commonsense_evaluate.py", line 272, in load_model
    model = PeftModel.from_pretrained(
  File "/gpfs/users/a1906566/2024/DoRA/commonsense_reasoning/peft/src/peft/peft_model.py", line 150, in from_pretrained
    config = PEFT_TYPE_TO_CONFIG_MAPPING[PeftConfig.from_pretrained(model_id).peft_type].from_pretrained(model_id)
  File "/gpfs/users/a1906566/2024/DoRA/commonsense_reasoning/peft/src/peft/utils/config.py", line 104, in from_pretrained
    raise ValueError(f"Can't find config.json at '{pretrained_model_name_or_path}'")
ValueError: Can't find config.json at './finetuned_result/sine_lora_qv_r16_1k_64'
/hpcfs/users/a1906566/anaconda3/envs/llama/lib/python3.10/site-packages/huggingface_hub/file_download.py:1132: FutureWarning: `resume_download` is deprecated and will be removed in version 1.0.0. Downloads always resume when possible. If you want to force a new download, use `force_download=True`.
  warnings.warn(
Loading checkpoint shards:   0%|          | 0/2 [00:00<?, ?it/s]Loading checkpoint shards:  50%|█████     | 1/2 [00:03<00:03,  3.96s/it]Loading checkpoint shards: 100%|██████████| 2/2 [00:05<00:00,  2.45s/it]Loading checkpoint shards: 100%|██████████| 2/2 [00:05<00:00,  2.68s/it]
Traceback (most recent call last):
  File "/gpfs/users/a1906566/2024/DoRA/commonsense_reasoning/peft/src/peft/utils/config.py", line 102, in from_pretrained
    config_file = hf_hub_download(pretrained_model_name_or_path, CONFIG_NAME)
  File "/hpcfs/users/a1906566/anaconda3/envs/llama/lib/python3.10/site-packages/huggingface_hub/utils/_validators.py", line 106, in _inner_fn
    validate_repo_id(arg_value)
  File "/hpcfs/users/a1906566/anaconda3/envs/llama/lib/python3.10/site-packages/huggingface_hub/utils/_validators.py", line 154, in validate_repo_id
    raise HFValidationError(
huggingface_hub.errors.HFValidationError: Repo id must be in the form 'repo_name' or 'namespace/repo_name': './finetuned_result/sine_lora_qv_r16_1k_64'. Use `repo_type` argument if needed.

During handling of the above exception, another exception occurred:

Traceback (most recent call last):
  File "/gpfs/users/a1906566/2024/DoRA/commonsense_reasoning/commonsense_evaluate.py", line 357, in <module>
    main()
  File "/gpfs/users/a1906566/2024/DoRA/commonsense_reasoning/commonsense_evaluate.py", line 86, in main
    tokenizer, model = load_model(args)
  File "/gpfs/users/a1906566/2024/DoRA/commonsense_reasoning/commonsense_evaluate.py", line 272, in load_model
    model = PeftModel.from_pretrained(
  File "/gpfs/users/a1906566/2024/DoRA/commonsense_reasoning/peft/src/peft/peft_model.py", line 150, in from_pretrained
    config = PEFT_TYPE_TO_CONFIG_MAPPING[PeftConfig.from_pretrained(model_id).peft_type].from_pretrained(model_id)
  File "/gpfs/users/a1906566/2024/DoRA/commonsense_reasoning/peft/src/peft/utils/config.py", line 104, in from_pretrained
    raise ValueError(f"Can't find config.json at '{pretrained_model_name_or_path}'")
ValueError: Can't find config.json at './finetuned_result/sine_lora_qv_r16_1k_64'
/hpcfs/users/a1906566/anaconda3/envs/llama/lib/python3.10/site-packages/huggingface_hub/file_download.py:1132: FutureWarning: `resume_download` is deprecated and will be removed in version 1.0.0. Downloads always resume when possible. If you want to force a new download, use `force_download=True`.
  warnings.warn(
Loading checkpoint shards:   0%|          | 0/2 [00:00<?, ?it/s]Loading checkpoint shards:  50%|█████     | 1/2 [00:03<00:03,  3.91s/it]Loading checkpoint shards: 100%|██████████| 2/2 [00:05<00:00,  2.42s/it]Loading checkpoint shards: 100%|██████████| 2/2 [00:05<00:00,  2.64s/it]
Traceback (most recent call last):
  File "/gpfs/users/a1906566/2024/DoRA/commonsense_reasoning/peft/src/peft/utils/config.py", line 102, in from_pretrained
    config_file = hf_hub_download(pretrained_model_name_or_path, CONFIG_NAME)
  File "/hpcfs/users/a1906566/anaconda3/envs/llama/lib/python3.10/site-packages/huggingface_hub/utils/_validators.py", line 106, in _inner_fn
    validate_repo_id(arg_value)
  File "/hpcfs/users/a1906566/anaconda3/envs/llama/lib/python3.10/site-packages/huggingface_hub/utils/_validators.py", line 154, in validate_repo_id
    raise HFValidationError(
huggingface_hub.errors.HFValidationError: Repo id must be in the form 'repo_name' or 'namespace/repo_name': './finetuned_result/sine_lora_qv_r16_1k_64'. Use `repo_type` argument if needed.

During handling of the above exception, another exception occurred:

Traceback (most recent call last):
  File "/gpfs/users/a1906566/2024/DoRA/commonsense_reasoning/commonsense_evaluate.py", line 357, in <module>
    main()
  File "/gpfs/users/a1906566/2024/DoRA/commonsense_reasoning/commonsense_evaluate.py", line 86, in main
    tokenizer, model = load_model(args)
  File "/gpfs/users/a1906566/2024/DoRA/commonsense_reasoning/commonsense_evaluate.py", line 272, in load_model
    model = PeftModel.from_pretrained(
  File "/gpfs/users/a1906566/2024/DoRA/commonsense_reasoning/peft/src/peft/peft_model.py", line 150, in from_pretrained
    config = PEFT_TYPE_TO_CONFIG_MAPPING[PeftConfig.from_pretrained(model_id).peft_type].from_pretrained(model_id)
  File "/gpfs/users/a1906566/2024/DoRA/commonsense_reasoning/peft/src/peft/utils/config.py", line 104, in from_pretrained
    raise ValueError(f"Can't find config.json at '{pretrained_model_name_or_path}'")
ValueError: Can't find config.json at './finetuned_result/sine_lora_qv_r16_1k_64'
